Component: ARM Compiler 5.06 (build 20) Tool: armlink [4d35a3]

==============================================================================

Section Cross References

    main.o(i.Acc_Led_Sang) refers to stm32f4xx_hal_gpio.o(i.HAL_GPIO_WritePin) for HAL_GPIO_WritePin
    main.o(i.Acc_Led_Sang) refers to main.o(i.delay_ms) for delay_ms
    main.o(i.Calculate_Accel_X_Angles) refers to f2d.o(.text) for __aeabi_f2d
    main.o(i.Calculate_Accel_X_Angles) refers to pow.o(i.__hardfp_pow) for __hardfp_pow
    main.o(i.Calculate_Accel_X_Angles) refers to dadd.o(.text) for __aeabi_dadd
    main.o(i.Calculate_Accel_X_Angles) refers to sqrt.o(i.__hardfp_sqrt) for __hardfp_sqrt
    main.o(i.Calculate_Accel_X_Angles) refers to ddiv.o(.text) for __aeabi_ddiv
    main.o(i.Calculate_Accel_X_Angles) refers to atan.o(i.__hardfp_atan) for __hardfp_atan
    main.o(i.Calculate_Accel_X_Angles) refers to d2f.o(.text) for __aeabi_d2f
    main.o(i.Calculate_Accel_X_Angles) refers to dmul.o(.text) for __aeabi_dmul
    main.o(i.Calculate_Accel_Y_Angles) refers to f2d.o(.text) for __aeabi_f2d
    main.o(i.Calculate_Accel_Y_Angles) refers to pow.o(i.__hardfp_pow) for __hardfp_pow
    main.o(i.Calculate_Accel_Y_Angles) refers to dadd.o(.text) for __aeabi_dadd
    main.o(i.Calculate_Accel_Y_Angles) refers to sqrt.o(i.__hardfp_sqrt) for __hardfp_sqrt
    main.o(i.Calculate_Accel_Y_Angles) refers to ddiv.o(.text) for __aeabi_ddiv
    main.o(i.Calculate_Accel_Y_Angles) refers to atan.o(i.__hardfp_atan) for __hardfp_atan
    main.o(i.Calculate_Accel_Y_Angles) refers to d2f.o(.text) for __aeabi_d2f
    main.o(i.Calculate_Accel_Y_Angles) refers to dmul.o(.text) for __aeabi_dmul
    main.o(i.Error_Handler) refers to main.o(i.SANG_4_LED) for SANG_4_LED
    main.o(i.Error_Handler) refers to main.o(i.delay_ms) for delay_ms
    main.o(i.Error_Handler) refers to main.o(i.SANG_4_LED_OFF) for SANG_4_LED_OFF
    main.o(i.Error_Handler1) refers to main.o(i.SANG_2_LED) for SANG_2_LED
    main.o(i.Error_Handler1) refers to main.o(i.delay_ms) for delay_ms
    main.o(i.Error_Handler2) refers to main.o(i.SANG_2_LED) for SANG_2_LED
    main.o(i.Error_Handler2) refers to main.o(i.delay_ms) for delay_ms
    main.o(i.Error_Handler2) refers to main.o(i.SANG_4_LED_OFF) for SANG_4_LED_OFF
    main.o(i.Error_Handler3) refers to main.o(i.SANG_2_LED) for SANG_2_LED
    main.o(i.Error_Handler3) refers to main.o(i.delay_ms) for delay_ms
    main.o(i.Error_Handler3) refers to main.o(i.SANG_4_LED_OFF) for SANG_4_LED_OFF
    main.o(i.Error_Handler4) refers to main.o(i.SANG_1_LED) for SANG_1_LED
    main.o(i.Error_Handler4) refers to main.o(i.delay_ms) for delay_ms
    main.o(i.HAL_TIM_IC_CaptureCallback) refers to main.o(.bss) for htimer1
    main.o(i.Init_BUTTON_USER_PORT_A_0) refers to stm32f4xx_hal_gpio.o(i.HAL_GPIO_Init) for HAL_GPIO_Init
    main.o(i.Init_I2C_GPIO_PortB) refers to stm32f4xx_hal_gpio.o(i.HAL_GPIO_Init) for HAL_GPIO_Init
    main.o(i.Init_I2C_Handle_10truc) refers to stm32f4xx_hal_i2c.o(i.HAL_I2C_Init) for HAL_I2C_Init
    main.o(i.Init_I2C_Handle_10truc) refers to main.o(.bss) for I2C_InitStruct_10truc
    main.o(i.Init_LEDSANG_PORTD_12_13_14_15) refers to stm32f4xx_hal_gpio.o(i.HAL_GPIO_Init) for HAL_GPIO_Init
    main.o(i.Init_PWM_GPIO_PORT_C_4Channel) refers to stm32f4xx_hal_gpio.o(i.HAL_GPIO_Init) for HAL_GPIO_Init
    main.o(i.Init_PWM_TIM3_Handle) refers to stm32f4xx_hal_tim.o(i.HAL_TIM_PWM_Init) for HAL_TIM_PWM_Init
    main.o(i.Init_Receiver_TIM1_PWM_Capture_PortE) refers to stm32f4xx_hal_cortex.o(i.HAL_NVIC_SetPriority) for HAL_NVIC_SetPriority
    main.o(i.Init_Receiver_TIM1_PWM_Capture_PortE) refers to stm32f4xx_hal_cortex.o(i.HAL_NVIC_EnableIRQ) for HAL_NVIC_EnableIRQ
    main.o(i.Init_Receiver_TIM1_PWM_Capture_PortE) refers to stm32f4xx_hal_gpio.o(i.HAL_GPIO_Init) for HAL_GPIO_Init
    main.o(i.Init_Receiver_TIM1_PWM_Capture_PortE) refers to stm32f4xx_hal_tim.o(i.HAL_TIM_Base_Init) for HAL_TIM_Base_Init
    main.o(i.Init_Receiver_TIM1_PWM_Capture_PortE) refers to main.o(i.Error_Handler) for Error_Handler
    main.o(i.Init_Receiver_TIM1_PWM_Capture_PortE) refers to stm32f4xx_hal_tim.o(i.HAL_TIM_ConfigClockSource) for HAL_TIM_ConfigClockSource
    main.o(i.Init_Receiver_TIM1_PWM_Capture_PortE) refers to stm32f4xx_hal_tim.o(i.HAL_TIM_IC_Init) for HAL_TIM_IC_Init
    main.o(i.Init_Receiver_TIM1_PWM_Capture_PortE) refers to stm32f4xx_hal_tim_ex.o(i.HAL_TIMEx_MasterConfigSynchronization) for HAL_TIMEx_MasterConfigSynchronization
    main.o(i.Init_Receiver_TIM1_PWM_Capture_PortE) refers to stm32f4xx_hal_tim.o(i.HAL_TIM_IC_ConfigChannel) for HAL_TIM_IC_ConfigChannel
    main.o(i.Init_Receiver_TIM1_PWM_Capture_PortE) refers to stm32f4xx_hal_tim.o(i.HAL_TIM_IC_Start_IT) for HAL_TIM_IC_Start_IT
    main.o(i.Init_TIM3_OUTPUT_COMPARE) refers to stm32f4xx_hal_tim.o(i.HAL_TIM_PWM_ConfigChannel) for HAL_TIM_PWM_ConfigChannel
    main.o(i.Init_TIM3_OUTPUT_COMPARE) refers to stm32f4xx_hal_tim.o(i.HAL_TIM_PWM_Init) for HAL_TIM_PWM_Init
[...]
    Removing stm32f4xx_hal_rcc.o(i.HAL_RCC_MCOConfig), (184 bytes).
    Removing stm32f4xx_hal_rcc.o(i.HAL_RCC_NMI_IRQHandler), (32 bytes).
    Removing stm32f4xx_hal_rcc_ex.o(.rev16_text), (4 bytes).
    Removing stm32f4xx_hal_rcc_ex.o(.revsh_text), (4 bytes).
    Removing stm32f4xx_hal_rcc_ex.o(.rrx_text), (6 bytes).
    Removing stm32f4xx_hal_rcc_ex.o(i.HAL_RCCEx_GetPeriphCLKConfig), (80 bytes).
    Removing stm32f4xx_hal_rcc_ex.o(i.HAL_RCCEx_PeriphCLKConfig), (420 bytes).
    Removing stm32f4xx_hal_rcc_ex.o(i.HAL_RCC_DeInit), (112 bytes).
    Removing stm32f4xx_hal_spi.o(.rev16_text), (4 bytes).
    Removing stm32f4xx_hal_spi.o(.revsh_text), (4 bytes).
    Removing stm32f4xx_hal_spi.o(.rrx_text), (6 bytes).
    Removing stm32f4xx_hal_spi.o(i.HAL_SPI_DMAPause), (62 bytes).
    Removing stm32f4xx_hal_spi.o(i.HAL_SPI_DMAResume), (62 bytes).
    Removing stm32f4xx_hal_spi.o(i.HAL_SPI_DMAStop), (58 bytes).
    Removing stm32f4xx_hal_spi.o(i.HAL_SPI_DeInit), (48 bytes).
    Removing stm32f4xx_hal_spi.o(i.HAL_SPI_ErrorCallback), (2 bytes).
    Removing stm32f4xx_hal_spi.o(i.HAL_SPI_GetError), (6 bytes).
    Removing stm32f4xx_hal_spi.o(i.HAL_SPI_GetState), (8 bytes).
    Removing stm32f4xx_hal_spi.o(i.HAL_SPI_IRQHandler), (250 bytes).
    Removing stm32f4xx_hal_spi.o(i.HAL_SPI_Init), (136 bytes).
    Removing stm32f4xx_hal_spi.o(i.HAL_SPI_MspDeInit), (2 bytes).
    Removing stm32f4xx_hal_spi.o(i.HAL_SPI_MspInit), (2 bytes).
    Removing stm32f4xx_hal_spi.o(i.HAL_SPI_Receive), (572 bytes).
    Removing stm32f4xx_hal_spi.o(i.HAL_SPI_Receive_DMA), (272 bytes).
    Removing stm32f4xx_hal_spi.o(i.HAL_SPI_Receive_IT), (228 bytes).
    Removing stm32f4xx_hal_spi.o(i.HAL_SPI_RxCpltCallback), (2 bytes).
    Removing stm32f4xx_hal_spi.o(i.HAL_SPI_RxHalfCpltCallback), (2 bytes).
    Removing stm32f4xx_hal_spi.o(i.HAL_SPI_Transmit), (446 bytes).
    Removing stm32f4xx_hal_spi.o(i.HAL_SPI_TransmitReceive), (850 bytes).
    Removing stm32f4xx_hal_spi.o(i.HAL_SPI_TransmitReceive_DMA), (344 bytes).
    Removing stm32f4xx_hal_spi.o(i.HAL_SPI_TransmitReceive_IT), (200 bytes).
    Removing stm32f4xx_hal_spi.o(i.HAL_SPI_Transmit_DMA), (232 bytes).
    Removing stm32f4xx_hal_spi.o(i.HAL_SPI_Transmit_IT), (204 bytes).
    Removing stm32f4xx_hal_spi.o(i.HAL_SPI_TxCpltCallback), (2 bytes).
    Removing stm32f4xx_hal_spi.o(i.HAL_SPI_TxHalfCpltCallback), (2 bytes).
    Removing stm32f4xx_hal_spi.o(i.HAL_SPI_TxRxCpltCallback), (2 bytes).
    Removing stm32f4xx_hal_spi.o(i.HAL_SPI_TxRxHalfCpltCallback), (2 bytes).
    Removing stm32f4xx_hal_spi.o(i.SPI_2LinesRxISR), (56 bytes).
    Removing stm32f4xx_hal_spi.o(i.SPI_DMAEndTransmitReceive), (162 bytes).
    Removing stm32f4xx_hal_spi.o(i.SPI_DMAError), (34 bytes).
    Removing stm32f4xx_hal_spi.o(i.SPI_DMAHalfReceiveCplt), (14 bytes).
    Removing stm32f4xx_hal_spi.o(i.SPI_DMAHalfTransmitCplt), (14 bytes).
    Removing stm32f4xx_hal_spi.o(i.SPI_DMAHalfTransmitReceiveCplt), (14 bytes).
    Removing stm32f4xx_hal_spi.o(i.SPI_DMAReceiveCplt), (214 bytes).
    Removing stm32f4xx_hal_spi.o(i.SPI_DMATransmitCplt), (124 bytes).
    Removing stm32f4xx_hal_spi.o(i.SPI_DMATransmitReceiveCplt), (56 bytes).
    Removing stm32f4xx_hal_spi.o(i.SPI_RxCloseIRQHandler), (238 bytes).
    Removing stm32f4xx_hal_spi.o(i.SPI_RxISR), (82 bytes).
    Removing stm32f4xx_hal_spi.o(i.SPI_TxCloseIRQHandler), (158 bytes).
    Removing stm32f4xx_hal_spi.o(i.SPI_TxISR), (74 bytes).
    Removing stm32f4xx_hal_spi.o(i.SPI_WaitOnFlagUntilTimeout), (276 bytes).
    Removing stm32f4xx_hal_tim.o(.rev16_text), (4 bytes).
    Removing stm32f4xx_hal_tim.o(.revsh_text), (4 bytes).
    Removing stm32f4xx_hal_tim.o(.rrx_text), (6 bytes).
    Removing stm32f4xx_hal_tim.o(i.HAL_TIM_Base_DeInit), (70 bytes).
    Removing stm32f4xx_hal_tim.o(i.HAL_TIM_Base_GetState), (8 bytes).
    Removing stm32f4xx_hal_tim.o(i.HAL_TIM_Base_MspDeInit), (2 bytes).
    Removing stm32f4xx_hal_tim.o(i.HAL_TIM_Base_Start), (30 bytes).
    Removing stm32f4xx_hal_tim.o(i.HAL_TIM_Base_Start_DMA), (104 bytes).
    Removing stm32f4xx_hal_tim.o(i.HAL_TIM_Base_Stop), (56 bytes).
    Removing stm32f4xx_hal_tim.o(i.HAL_TIM_Base_Stop_DMA), (62 bytes).
    Removing stm32f4xx_hal_tim.o(i.HAL_TIM_Base_Stop_IT), (56 bytes).
    Removing stm32f4xx_hal_tim.o(i.HAL_TIM_ConfigOCrefClear), (226 bytes).
    Removing stm32f4xx_hal_tim.o(i.HAL_TIM_ConfigTI1Input), (24 bytes).
    Removing stm32f4xx_hal_tim.o(i.HAL_TIM_DMABurst_ReadStart), (388 bytes).
    Removing stm32f4xx_hal_tim.o(i.HAL_TIM_DMABurst_ReadStop), (128 bytes).
    Removing stm32f4xx_hal_tim.o(i.HAL_TIM_DMABurst_WriteStart), (388 bytes).
    Removing stm32f4xx_hal_tim.o(i.HAL_TIM_DMABurst_WriteStop), (128 bytes).
    Removing stm32f4xx_hal_tim.o(i.HAL_TIM_Encoder_DeInit), (70 bytes).
    Removing stm32f4xx_hal_tim.o(i.HAL_TIM_Encoder_GetState), (8 bytes).
    Removing stm32f4xx_hal_tim.o(i.HAL_TIM_Encoder_Init), (180 bytes).
    Removing stm32f4xx_hal_tim.o(i.HAL_TIM_Encoder_MspDeInit), (2 bytes).
    Removing stm32f4xx_hal_tim.o(i.HAL_TIM_Encoder_MspInit), (2 bytes).
    Removing stm32f4xx_hal_tim.o(i.HAL_TIM_Encoder_Start), (78 bytes).
    Removing stm32f4xx_hal_tim.o(i.HAL_TIM_Encoder_Start_DMA), (328 bytes).
    Removing stm32f4xx_hal_tim.o(i.HAL_TIM_Encoder_Start_IT), (126 bytes).
    Removing stm32f4xx_hal_tim.o(i.HAL_TIM_Encoder_Stop), (104 bytes).
    Removing stm32f4xx_hal_tim.o(i.HAL_TIM_Encoder_Stop_DMA), (152 bytes).
    Removing stm32f4xx_hal_tim.o(i.HAL_TIM_Encoder_Stop_IT), (152 bytes).
    Removing stm32f4xx_hal_tim.o(i.HAL_TIM_ErrorCallback), (2 bytes).
    Removing stm32f4xx_hal_tim.o(i.HAL_TIM_GenerateEvent), (54 bytes).
    Removing stm32f4xx_hal_tim.o(i.HAL_TIM_IC_CaptureCallback), (2 bytes).
    Removing stm32f4xx_hal_tim.o(i.HAL_TIM_IC_DeInit), (70 bytes).
    Removing stm32f4xx_hal_tim.o(i.HAL_TIM_IC_GetState), (8 bytes).
    Removing stm32f4xx_hal_tim.o(i.HAL_TIM_IC_MspDeInit), (2 bytes).
    Removing stm32f4xx_hal_tim.o(i.HAL_TIM_IC_Start), (32 bytes).
    Removing stm32f4xx_hal_tim.o(i.HAL_TIM_IC_Start_DMA), (268 bytes).
    Removing stm32f4xx_hal_tim.o(i.HAL_TIM_IC_Stop), (58 bytes).
    Removing stm32f4xx_hal_tim.o(i.HAL_TIM_IC_Stop_DMA), (140 bytes).
    Removing stm32f4xx_hal_tim.o(i.HAL_TIM_IC_Stop_IT), (134 bytes).
    Removing stm32f4xx_hal_tim.o(i.HAL_TIM_IRQHandler), (406 bytes).
    Removing stm32f4xx_hal_tim.o(i.HAL_TIM_OC_ConfigChannel), (116 bytes).
    Removing stm32f4xx_hal_tim.o(i.HAL_TIM_OC_DeInit), (70 bytes).
    Removing stm32f4xx_hal_tim.o(i.HAL_TIM_OC_DelayElapsedCallback), (2 bytes).
    Removing stm32f4xx_hal_tim.o(i.HAL_TIM_OC_GetState), (8 bytes).
    Removing stm32f4xx_hal_tim.o(i.HAL_TIM_OC_Init), (52 bytes).
    Removing stm32f4xx_hal_tim.o(i.HAL_TIM_OC_MspDeInit), (2 bytes).
    Removing stm32f4xx_hal_tim.o(i.HAL_TIM_OC_MspInit), (2 bytes).
    Removing stm32f4xx_hal_tim.o(i.HAL_TIM_OC_Start), (76 bytes).
    Removing stm32f4xx_hal_tim.o(i.HAL_TIM_OC_Start_DMA), (312 bytes).
    Removing stm32f4xx_hal_tim.o(i.HAL_TIM_OC_Start_IT), (152 bytes).
    Removing stm32f4xx_hal_tim.o(i.HAL_TIM_OC_Stop), (128 bytes).
    Removing stm32f4xx_hal_tim.o(i.HAL_TIM_OC_Stop_DMA), (212 bytes).
    Removing stm32f4xx_hal_tim.o(i.HAL_TIM_OC_Stop_IT), (204 bytes).
    Removing stm32f4xx_hal_tim.o(i.HAL_TIM_OnePulse_ConfigChannel), (286 bytes).
    Removing stm32f4xx_hal_tim.o(i.HAL_TIM_OnePulse_DeInit), (70 bytes).
    Removing stm32f4xx_hal_tim.o(i.HAL_TIM_OnePulse_GetState), (8 bytes).
    Removing stm32f4xx_hal_tim.o(i.HAL_TIM_OnePulse_Init), (76 bytes).
    Removing stm32f4xx_hal_tim.o(i.HAL_TIM_OnePulse_MspDeInit), (2 bytes).
    Removing stm32f4xx_hal_tim.o(i.HAL_TIM_OnePulse_MspInit), (2 bytes).
    Removing stm32f4xx_hal_tim.o(i.HAL_TIM_OnePulse_Start), (76 bytes).
    Removing stm32f4xx_hal_tim.o(i.HAL_TIM_OnePulse_Start_IT), (100 bytes).
    Removing stm32f4xx_hal_tim.o(i.HAL_TIM_OnePulse_Stop), (140 bytes).
    Removing stm32f4xx_hal_tim.o(i.HAL_TIM_OnePulse_Stop_IT), (164 bytes).
    Removing stm32f4xx_hal_tim.o(i.HAL_TIM_PWM_DeInit), (70 bytes).
    Removing stm32f4xx_hal_tim.o(i.HAL_TIM_PWM_GetState), (8 bytes).
    Removing stm32f4xx_hal_tim.o(i.HAL_TIM_PWM_MspDeInit), (2 bytes).
    Removing stm32f4xx_hal_tim.o(i.HAL_TIM_PWM_PulseFinishedCallback), (2 bytes).
    Removing stm32f4xx_hal_tim.o(i.HAL_TIM_PWM_Start_DMA), (312 bytes).
    Removing stm32f4xx_hal_tim.o(i.HAL_TIM_PWM_Start_IT), (152 bytes).
    Removing stm32f4xx_hal_tim.o(i.HAL_TIM_PWM_Stop), (136 bytes).
    Removing stm32f4xx_hal_tim.o(i.HAL_TIM_PWM_Stop_DMA), (212 bytes).
    Removing stm32f4xx_hal_tim.o(i.HAL_TIM_PWM_Stop_IT), (204 bytes).
    Removing stm32f4xx_hal_tim.o(i.HAL_TIM_PeriodElapsedCallback), (2 bytes).
    Removing stm32f4xx_hal_tim.o(i.HAL_TIM_ReadCapturedValue), (84 bytes).
    Removing stm32f4xx_hal_tim.o(i.HAL_TIM_SlaveConfigSynchronization), (86 bytes).
    Removing stm32f4xx_hal_tim.o(i.HAL_TIM_SlaveConfigSynchronization_IT), (86 bytes).
    Removing stm32f4xx_hal_tim.o(i.HAL_TIM_TriggerCallback), (2 bytes).
    Removing stm32f4xx_hal_tim.o(i.TIM_DMACaptureCplt), (70 bytes).
    Removing stm32f4xx_hal_tim.o(i.TIM_DMADelayPulseCplt), (70 bytes).
    Removing stm32f4xx_hal_tim.o(i.TIM_DMAError), (20 bytes).
    Removing stm32f4xx_hal_tim.o(i.TIM_DMAPeriodElapsedCplt), (20 bytes).
    Removing stm32f4xx_hal_tim.o(i.TIM_DMATriggerCplt), (20 bytes).
    Removing stm32f4xx_hal_tim.o(i.TIM_SlaveTimer_SetConfig), (164 bytes).
    Removing stm32f4xx_hal_tim_ex.o(.rev16_text), (4 bytes).
    Removing stm32f4xx_hal_tim_ex.o(.revsh_text), (4 bytes).
    Removing stm32f4xx_hal_tim_ex.o(.rrx_text), (6 bytes).
    Removing stm32f4xx_hal_tim_ex.o(i.HAL_TIMEx_BreakCallback), (2 bytes).
    Removing stm32f4xx_hal_tim_ex.o(i.HAL_TIMEx_CommutationCallback), (2 bytes).
    Removing stm32f4xx_hal_tim_ex.o(i.HAL_TIMEx_ConfigBreakDeadTime), (80 bytes).
    Removing stm32f4xx_hal_tim_ex.o(i.HAL_TIMEx_ConfigCommutationEvent), (110 bytes).
    Removing stm32f4xx_hal_tim_ex.o(i.HAL_TIMEx_ConfigCommutationEvent_DMA), (144 bytes).
    Removing stm32f4xx_hal_tim_ex.o(i.HAL_TIMEx_ConfigCommutationEvent_IT), (122 bytes).
    Removing stm32f4xx_hal_tim_ex.o(i.HAL_TIMEx_HallSensor_DeInit), (70 bytes).
    Removing stm32f4xx_hal_tim_ex.o(i.HAL_TIMEx_HallSensor_GetState), (8 bytes).
    Removing stm32f4xx_hal_tim_ex.o(i.HAL_TIMEx_HallSensor_Init), (196 bytes).
    Removing stm32f4xx_hal_tim_ex.o(i.HAL_TIMEx_HallSensor_MspDeInit), (2 bytes).
    Removing stm32f4xx_hal_tim_ex.o(i.HAL_TIMEx_HallSensor_MspInit), (2 bytes).
    Removing stm32f4xx_hal_tim_ex.o(i.HAL_TIMEx_HallSensor_Start), (30 bytes).
    Removing stm32f4xx_hal_tim_ex.o(i.HAL_TIMEx_HallSensor_Start_DMA), (116 bytes).
    Removing stm32f4xx_hal_tim_ex.o(i.HAL_TIMEx_HallSensor_Start_IT), (42 bytes).
    Removing stm32f4xx_hal_tim_ex.o(i.HAL_TIMEx_HallSensor_Stop), (56 bytes).
    Removing stm32f4xx_hal_tim_ex.o(i.HAL_TIMEx_HallSensor_Stop_DMA), (68 bytes).
    Removing stm32f4xx_hal_tim_ex.o(i.HAL_TIMEx_HallSensor_Stop_IT), (68 bytes).
    Removing stm32f4xx_hal_tim_ex.o(i.HAL_TIMEx_OCN_Start), (44 bytes).
    Removing stm32f4xx_hal_tim_ex.o(i.HAL_TIMEx_OCN_Start_DMA), (280 bytes).
    Removing stm32f4xx_hal_tim_ex.o(i.HAL_TIMEx_OCN_Start_IT), (132 bytes).
    Removing stm32f4xx_hal_tim_ex.o(i.HAL_TIMEx_OCN_Stop), (96 bytes).
    Removing stm32f4xx_hal_tim_ex.o(i.HAL_TIMEx_OCN_Stop_DMA), (178 bytes).
    Removing stm32f4xx_hal_tim_ex.o(i.HAL_TIMEx_OCN_Stop_IT), (196 bytes).
    Removing stm32f4xx_hal_tim_ex.o(i.HAL_TIMEx_OnePulseN_Start), (32 bytes).
    Removing stm32f4xx_hal_tim_ex.o(i.HAL_TIMEx_OnePulseN_Start_IT), (56 bytes).
    Removing stm32f4xx_hal_tim_ex.o(i.HAL_TIMEx_OnePulseN_Stop), (96 bytes).
    Removing stm32f4xx_hal_tim_ex.o(i.HAL_TIMEx_OnePulseN_Stop_IT), (120 bytes).
    Removing stm32f4xx_hal_tim_ex.o(i.HAL_TIMEx_PWMN_Start_DMA), (280 bytes).
    Removing stm32f4xx_hal_tim_ex.o(i.HAL_TIMEx_PWMN_Start_IT), (132 bytes).
    Removing stm32f4xx_hal_tim_ex.o(i.HAL_TIMEx_PWMN_Stop), (96 bytes).
    Removing stm32f4xx_hal_tim_ex.o(i.HAL_TIMEx_PWMN_Stop_DMA), (178 bytes).
    Removing stm32f4xx_hal_tim_ex.o(i.HAL_TIMEx_PWMN_Stop_IT), (196 bytes).
    Removing stm32f4xx_hal_tim_ex.o(i.HAL_TIMEx_RemapConfig), (48 bytes).
    Removing stm32f4xx_hal_tim_ex.o(i.TIMEx_DMACommutationCplt), (20 bytes).
    Removing stm32f4xx_hal_uart.o(.rev16_text), (4 bytes).
    Removing stm32f4xx_hal_uart.o(.revsh_text), (4 bytes).
    Removing stm32f4xx_hal_uart.o(.rrx_text), (6 bytes).
    Removing stm32f4xx_hal_uart.o(i.HAL_HalfDuplex_EnableReceiver), (68 bytes).
    Removing stm32f4xx_hal_uart.o(i.HAL_HalfDuplex_EnableTransmitter), (68 bytes).
    Removing stm32f4xx_hal_uart.o(i.HAL_HalfDuplex_Init), (114 bytes).
    Removing stm32f4xx_hal_uart.o(i.HAL_LIN_Init), (138 bytes).
    Removing stm32f4xx_hal_uart.o(i.HAL_LIN_SendBreak), (62 bytes).
    Removing stm32f4xx_hal_uart.o(i.HAL_MultiProcessor_EnterMuteMode), (62 bytes).
    Removing stm32f4xx_hal_uart.o(i.HAL_MultiProcessor_ExitMuteMode), (62 bytes).
    Removing stm32f4xx_hal_uart.o(i.HAL_MultiProcessor_Init), (150 bytes).
    Removing stm32f4xx_hal_uart.o(i.HAL_UART_DMAPause), (114 bytes).
    Removing stm32f4xx_hal_uart.o(i.HAL_UART_DMAResume), (152 bytes).
    Removing stm32f4xx_hal_uart.o(i.HAL_UART_DMAStop), (58 bytes).
    Removing stm32f4xx_hal_uart.o(i.HAL_UART_DeInit), (42 bytes).
    Removing stm32f4xx_hal_uart.o(i.HAL_UART_ErrorCallback), (2 bytes).
    Removing stm32f4xx_hal_uart.o(i.HAL_UART_GetError), (6 bytes).
    Removing stm32f4xx_hal_uart.o(i.HAL_UART_GetState), (8 bytes).
    Removing stm32f4xx_hal_uart.o(i.HAL_UART_IRQHandler), (288 bytes).
    Removing stm32f4xx_hal_uart.o(i.HAL_UART_Init), (110 bytes).
    Removing stm32f4xx_hal_uart.o(i.HAL_UART_MspDeInit), (2 bytes).
    Removing stm32f4xx_hal_uart.o(i.HAL_UART_MspInit), (2 bytes).
    Removing stm32f4xx_hal_uart.o(i.HAL_UART_Receive), (248 bytes).
    Removing stm32f4xx_hal_uart.o(i.HAL_UART_Receive_DMA), (160 bytes).
    Removing stm32f4xx_hal_uart.o(i.HAL_UART_Receive_IT), (134 bytes).
    Removing stm32f4xx_hal_uart.o(i.HAL_UART_RxCpltCallback), (2 bytes).
    Removing stm32f4xx_hal_uart.o(i.HAL_UART_RxHalfCpltCallback), (2 bytes).
    Removing stm32f4xx_hal_uart.o(i.HAL_UART_Transmit), (240 bytes).
    Removing stm32f4xx_hal_uart.o(i.HAL_UART_Transmit_DMA), (168 bytes).
    Removing stm32f4xx_hal_uart.o(i.HAL_UART_Transmit_IT), (134 bytes).
    Removing stm32f4xx_hal_uart.o(i.HAL_UART_TxCpltCallback), (2 bytes).
    Removing stm32f4xx_hal_uart.o(i.HAL_UART_TxHalfCpltCallback), (2 bytes).
    Removing stm32f4xx_hal_uart.o(i.UART_DMAError), (34 bytes).
    Removing stm32f4xx_hal_uart.o(i.UART_DMAReceiveCplt), (62 bytes).
    Removing stm32f4xx_hal_uart.o(i.UART_DMARxHalfCplt), (14 bytes).
    Removing stm32f4xx_hal_uart.o(i.UART_DMATransmitCplt), (54 bytes).
    Removing stm32f4xx_hal_uart.o(i.UART_DMATxHalfCplt), (14 bytes).
    Removing stm32f4xx_hal_uart.o(i.UART_EndTransmit_IT), (72 bytes).
    Removing stm32f4xx_hal_uart.o(i.UART_Receive_IT), (188 bytes).
    Removing stm32f4xx_hal_uart.o(i.UART_SetConfig), (548 bytes).
    Removing stm32f4xx_hal_uart.o(i.UART_Transmit_IT), (112 bytes).
    Removing stm32f4xx_hal_uart.o(i.UART_WaitOnFlagUntilTimeout), (250 bytes).
    Removing stm32f4xx_hal_usart.o(.rev16_text), (4 bytes).
    Removing stm32f4xx_hal_usart.o(.revsh_text), (4 bytes).
    Removing stm32f4xx_hal_usart.o(.rrx_text), (6 bytes).
    Removing stm32f4xx_hal_usart.o(i.HAL_USART_DMAPause), (50 bytes).
    Removing stm32f4xx_hal_usart.o(i.HAL_USART_DMAResume), (50 bytes).
    Removing stm32f4xx_hal_usart.o(i.HAL_USART_DMAStop), (58 bytes).
    Removing stm32f4xx_hal_usart.o(i.HAL_USART_DeInit), (54 bytes).
    Removing stm32f4xx_hal_usart.o(i.HAL_USART_ErrorCallback), (2 bytes).
    Removing stm32f4xx_hal_usart.o(i.HAL_USART_GetError), (6 bytes).
    Removing stm32f4xx_hal_usart.o(i.HAL_USART_GetState), (8 bytes).
    Removing stm32f4xx_hal_usart.o(i.HAL_USART_IRQHandler), (320 bytes).
    Removing stm32f4xx_hal_usart.o(i.HAL_USART_Init), (90 bytes).
    Removing stm32f4xx_hal_usart.o(i.HAL_USART_MspDeInit), (2 bytes).
    Removing stm32f4xx_hal_usart.o(i.HAL_USART_MspInit), (2 bytes).
    Removing stm32f4xx_hal_usart.o(i.HAL_USART_Receive), (256 bytes).
    Removing stm32f4xx_hal_usart.o(i.HAL_USART_Receive_DMA), (192 bytes).
    Removing stm32f4xx_hal_usart.o(i.HAL_USART_Receive_IT), (120 bytes).
    Removing stm32f4xx_hal_usart.o(i.HAL_USART_RxCpltCallback), (2 bytes).
    Removing stm32f4xx_hal_usart.o(i.HAL_USART_RxHalfCpltCallback), (2 bytes).
    Removing stm32f4xx_hal_usart.o(i.HAL_USART_Transmit), (196 bytes).
    Removing stm32f4xx_hal_usart.o(i.HAL_USART_TransmitReceive), (294 bytes).
    Removing stm32f4xx_hal_usart.o(i.HAL_USART_TransmitReceive_DMA), (228 bytes).
    Removing stm32f4xx_hal_usart.o(i.HAL_USART_TransmitReceive_IT), (132 bytes).
    Removing stm32f4xx_hal_usart.o(i.HAL_USART_Transmit_DMA), (148 bytes).
    Removing stm32f4xx_hal_usart.o(i.HAL_USART_Transmit_IT), (88 bytes).
    Removing stm32f4xx_hal_usart.o(i.HAL_USART_TxCpltCallback), (2 bytes).
    Removing stm32f4xx_hal_usart.o(i.HAL_USART_TxHalfCpltCallback), (2 bytes).
    Removing stm32f4xx_hal_usart.o(i.HAL_USART_TxRxCpltCallback), (2 bytes).
    Removing stm32f4xx_hal_usart.o(i.USART_DMAError), (34 bytes).
    Removing stm32f4xx_hal_usart.o(i.USART_DMAReceiveCplt), (116 bytes).
    Removing stm32f4xx_hal_usart.o(i.USART_DMARxHalfCplt), (14 bytes).
    Removing stm32f4xx_hal_usart.o(i.USART_DMATransmitCplt), (70 bytes).
    Removing stm32f4xx_hal_usart.o(i.USART_DMATxHalfCplt), (14 bytes).
    Removing stm32f4xx_hal_usart.o(i.USART_EndTransmit_IT), (44 bytes).
    Removing stm32f4xx_hal_usart.o(i.USART_Receive_IT), (194 bytes).
    Removing stm32f4xx_hal_usart.o(i.USART_SetConfig), (332 bytes).
    Removing stm32f4xx_hal_usart.o(i.USART_TransmitReceive_IT), (270 bytes).
    Removing stm32f4xx_hal_usart.o(i.USART_Transmit_IT), (104 bytes).
    Removing stm32f4xx_hal_usart.o(i.USART_WaitOnFlagUntilTimeout), (250 bytes).
    Removing startup_stm32f407xx.o(HEAP), (512 bytes).
    Removing system_stm32f4xx.o(.rev16_text), (4 bytes).
    Removing system_stm32f4xx.o(.revsh_text), (4 bytes).
    Removing system_stm32f4xx.o(.rrx_text), (6 bytes).
    Removing system_stm32f4xx.o(i.SystemCoreClockUpdate), (192 bytes).
    Removing system_stm32f4xx.o(.constdata), (16 bytes).
    Removing dneg.o(.text), (6 bytes).
    Removing cdcmple.o(.text), (48 bytes).

428 unused section(s) (total 38284 bytes) removed from the image.

==============================================================================

Image Symbol Table

    Local Symbols

    Symbol Name                              Value     Ov Type        Size  Object(Section)

    ../clib/microlib/errno.c                 0x00000000   Number         0  errno.o ABSOLUTE
    ../clib/microlib/init/entry.s            0x00000000   Number         0  entry2.o ABSOLUTE
    ../clib/microlib/init/entry.s            0x00000000   Number         0  entry5.o ABSOLUTE
    ../clib/microlib/init/entry.s            0x00000000   Number         0  entry11b.o ABSOLUTE
    ../clib/microlib/init/entry.s            0x00000000   Number         0  entry7a.o ABSOLUTE
    ../clib/microlib/init/entry.s            0x00000000   Number         0  entry9b.o ABSOLUTE
    ../clib/microlib/init/entry.s            0x00000000   Number         0  entry7b.o ABSOLUTE
    ../clib/microlib/init/entry.s            0x00000000   Number         0  entry10a.o ABSOLUTE
    ../clib/microlib/init/entry.s            0x00000000   Number         0  entry11a.o ABSOLUTE
    ../clib/microlib/init/entry.s            0x00000000   Number         0  entry10b.o ABSOLUTE
    ../clib/microlib/init/entry.s            0x00000000   Number         0  entry9a.o ABSOLUTE
    ../clib/microlib/init/entry.s            0x00000000   Number         0  entry8a.o ABSOLUTE
    ../clib/microlib/init/entry.s            0x00000000   Number         0  entry8b.o ABSOLUTE
    ../clib/microlib/init/entry.s            0x00000000   Number         0  entry.o ABSOLUTE
    ../clib/microlib/longlong.c              0x00000000   Number         0  llushr.o ABSOLUTE
    ../clib/microlib/longlong.c              0x00000000   Number         0  llshl.o ABSOLUTE
    ../clib/microlib/longlong.c              0x00000000   Number         0  llsshr.o ABSOLUTE
    ../clib/microlib/string/memcpy.c         0x00000000   Number         0  memcpya.o ABSOLUTE
    ../clib/microlib/string/memcpy.c         0x00000000   Number         0  memcpyb.o ABSOLUTE
    ../clib/microlib/stubs.s                 0x00000000   Number         0  iusefp.o ABSOLUTE
    ../fplib/microlib/d2f.c                  0x00000000   Number         0  d2f.o ABSOLUTE
    ../fplib/microlib/f2d.c                  0x00000000   Number         0  f2d.o ABSOLUTE
    ../fplib/microlib/fpadd.c                0x00000000   Number         0  dadd.o ABSOLUTE
    ../fplib/microlib/fpdiv.c                0x00000000   Number         0  ddiv.o ABSOLUTE
    ../fplib/microlib/fpepilogue.c           0x00000000   Number         0  depilogue.o ABSOLUTE
    ../fplib/microlib/fpepilogue.c           0x00000000   Number         0  fepilogue.o ABSOLUTE
    ../fplib/microlib/fpflt.c                0x00000000   Number         0  dflti.o ABSOLUTE
    ../fplib/microlib/fpmul.c                0x00000000   Number         0  dmul.o ABSOLUTE
    ../fplib/microlib/fpneg.c                0x00000000   Number         0  dneg.o ABSOLUTE
    ../fplib/microlib/fpscalb.c              0x00000000   Number         0  dscalb.o ABSOLUTE
    ../fplib/microlib/fpsqrt.c               0x00000000   Number         0  dsqrt.o ABSOLUTE
    ../mathlib/atan.c                        0x00000000   Number         0  atan.o ABSOLUTE
    ../mathlib/atan.c                        0x00000000   Number         0  atan_x.o ABSOLUTE
    ../mathlib/dunder.c                      0x00000000   Number         0  dunder.o ABSOLUTE
    ../mathlib/fabs.c                        0x00000000   Number         0  fabs.o ABSOLUTE
    ../mathlib/fpclassify.c                  0x00000000   Number         0  fpclassify.o ABSOLUTE
    ../mathlib/poly.c                        0x00000000   Number         0  poly.o ABSOLUTE
    ../mathlib/pow.c                         0x00000000   Number         0  pow_x.o ABSOLUTE
    ../mathlib/pow.c                         0x00000000   Number         0  pow.o ABSOLUTE
    ../mathlib/qnan.c                        0x00000000   Number         0  qnan.o ABSOLUTE
    ../mathlib/sqrt.c                        0x00000000   Number         0  sqrt.o ABSOLUTE
    ../mathlib/sqrt.c                        0x00000000   Number         0  sqrt_x.o ABSOLUTE
    C:\Keil_v5\ARM\PACK\Keil\STM32F4xx_DFP\2.6.0\Drivers\STM32F4xx_HAL_Driver\Src\stm32f4xx_hal.c 0x00000000   Number         0  stm32f4xx_hal.o ABSOLUTE
    C:\Keil_v5\ARM\PACK\Keil\STM32F4xx_DFP\2.6.0\Drivers\STM32F4xx_HAL_Driver\Src\stm32f4xx_hal_cortex.c 0x00000000   Number         0  stm32f4xx_hal_cortex.o ABSOLUTE
    C:\Keil_v5\ARM\PACK\Keil\STM32F4xx_DFP\2.6.0\Drivers\STM32F4xx_HAL_Driver\Src\stm32f4xx_hal_dma.c 0x00000000   Number         0  stm32f4xx_hal_dma.o ABSOLUTE
    C:\Keil_v5\ARM\PACK\Keil\STM32F4xx_DFP\2.6.0\Drivers\STM32F4xx_HAL_Driver\Src\stm32f4xx_hal_dma_ex.c 0x00000000   Number         0  stm32f4xx_hal_dma_ex.o ABSOLUTE
    C:\Keil_v5\ARM\PACK\Keil\STM32F4xx_DFP\2.6.0\Drivers\STM32F4xx_HAL_Driver\Src\stm32f4xx_hal_gpio.c 0x00000000   Number         0  stm32f4xx_hal_gpio.o ABSOLUTE
    C:\Keil_v5\ARM\PACK\Keil\STM32F4xx_DFP\2.6.0\Drivers\STM32F4xx_HAL_Driver\Src\stm32f4xx_hal_i2c.c 0x00000000   Number         0  stm32f4xx_hal_i2c.o ABSOLUTE
    C:\Keil_v5\ARM\PACK\Keil\STM32F4xx_DFP\2.6.0\Drivers\STM32F4xx_HAL_Driver\Src\stm32f4xx_hal_pwr.c 0x00000000   Number         0  stm32f4xx_hal_pwr.o ABSOLUTE
    C:\Keil_v5\ARM\PACK\Keil\STM32F4xx_DFP\2.6.0\Drivers\STM32F4xx_HAL_Driver\Src\stm32f4xx_hal_pwr_ex.c 0x00000000   Number         0  stm32f4xx_hal_pwr_ex.o ABSOLUTE
    C:\Keil_v5\ARM\PACK\Keil\STM32F4xx_DFP\2.6.0\Drivers\STM32F4xx_HAL_Driver\Src\stm32f4xx_hal_rcc.c 0x00000000   Number         0  stm32f4xx_hal_rcc.o ABSOLUTE
    C:\Keil_v5\ARM\PACK\Keil\STM32F4xx_DFP\2.6.0\Drivers\STM32F4xx_HAL_Driver\Src\stm32f4xx_hal_rcc_ex.c 0x00000000   Number         0  stm32f4xx_hal_rcc_ex.o ABSOLUTE
    C:\Keil_v5\ARM\PACK\Keil\STM32F4xx_DFP\2.6.0\Drivers\STM32F4xx_HAL_Driver\Src\stm32f4xx_hal_spi.c 0x00000000   Number         0  stm32f4xx_hal_spi.o ABSOLUTE
    C:\Keil_v5\ARM\PACK\Keil\STM32F4xx_DFP\2.6.0\Drivers\STM32F4xx_HAL_Driver\Src\stm32f4xx_hal_tim.c 0x00000000   Number         0  stm32f4xx_hal_tim.o ABSOLUTE
    C:\Keil_v5\ARM\PACK\Keil\STM32F4xx_DFP\2.6.0\Drivers\STM32F4xx_HAL_Driver\Src\stm32f4xx_hal_tim_ex.c 0x00000000   Number         0  stm32f4xx_hal_tim_ex.o ABSOLUTE
    C:\Keil_v5\ARM\PACK\Keil\STM32F4xx_DFP\2.6.0\Drivers\STM32F4xx_HAL_Driver\Src\stm32f4xx_hal_uart.c 0x00000000   Number         0  stm32f4xx_hal_uart.o ABSOLUTE
    C:\Keil_v5\ARM\PACK\Keil\STM32F4xx_DFP\2.6.0\Drivers\STM32F4xx_HAL_Driver\Src\stm32f4xx_hal_usart.c 0x00000000   Number         0  stm32f4xx_hal_usart.o ABSOLUTE
    C:\\Keil_v5\\ARM\\PACK\\Keil\\STM32F4xx_DFP\\2.6.0\\Drivers\\STM32F4xx_HAL_Driver\\Src\\stm32f4xx_hal.c 0x00000000   Number         0  stm32f4xx_hal.o ABSOLUTE
    C:\\Keil_v5\\ARM\\PACK\\Keil\\STM32F4xx_DFP\\2.6.0\\Drivers\\STM32F4xx_HAL_Driver\\Src\\stm32f4xx_hal_cortex.c 0x00000000   Number         0  stm32f4xx_hal_cortex.o ABSOLUTE
    C:\\Keil_v5\\ARM\\PACK\\Keil\\STM32F4xx_DFP\\2.6.0\\Drivers\\STM32F4xx_HAL_Driver\\Src\\stm32f4xx_hal_dma.c 0x00000000   Number         0  stm32f4xx_hal_dma.o ABSOLUTE
    C:\\Keil_v5\\ARM\\PACK\\Keil\\STM32F4xx_DFP\\2.6.0\\Drivers\\STM32F4xx_HAL_Driver\\Src\\stm32f4xx_hal_dma_ex.c 0x00000000   Number         0  stm32f4xx_hal_dma_ex.o ABSOLUTE
    C:\\Keil_v5\\ARM\\PACK\\Keil\\STM32F4xx_DFP\\2.6.0\\Drivers\\STM32F4xx_HAL_Driver\\Src\\stm32f4xx_hal_gpio.c 0x00000000   Number         0  stm32f4xx_hal_gpio.o ABSOLUTE
    C:\\Keil_v5\\ARM\\PACK\\Keil\\STM32F4xx_DFP\\2.6.0\\Drivers\\STM32F4xx_HAL_Driver\\Src\\stm32f4xx_hal_i2c.c 0x00000000   Number         0  stm32f4xx_hal_i2c.o ABSOLUTE
    C:\\Keil_v5\\ARM\\PACK\\Keil\\STM32F4xx_DFP\\2.6.0\\Drivers\\STM32F4xx_HAL_Driver\\Src\\stm32f4xx_hal_pwr.c 0x00000000   Number         0  stm32f4xx_hal_pwr.o ABSOLUTE
    C:\\Keil_v5\\ARM\\PACK\\Keil\\STM32F4xx_DFP\\2.6.0\\Drivers\\STM32F4xx_HAL_Driver\\Src\\stm32f4xx_hal_pwr_ex.c 0x00000000   Number         0  stm32f4xx_hal_pwr_ex.o ABSOLUTE
    C:\\Keil_v5\\ARM\\PACK\\Keil\\STM32F4xx_DFP\\2.6.0\\Drivers\\STM32F4xx_HAL_Driver\\Src\\stm32f4xx_hal_rcc.c 0x00000000   Number         0  stm32f4xx_hal_rcc.o ABSOLUTE
    C:\\Keil_v5\\ARM\\PACK\\Keil\\STM32F4xx_DFP\\2.6.0\\Drivers\\STM32F4xx_HAL_Driver\\Src\\stm32f4xx_hal_rcc_ex.c 0x00000000   Number         0  stm32f4xx_hal_rcc_ex.o ABSOLUTE
    C:\\Keil_v5\\ARM\\PACK\\Keil\\STM32F4xx_DFP\\2.6.0\\Drivers\\STM32F4xx_HAL_Driver\\Src\\stm32f4xx_hal_spi.c 0x00000000   Number         0  stm32f4xx_hal_spi.o ABSOLUTE
    C:\\Keil_v5\\ARM\\PACK\\Keil\\STM32F4xx_DFP\\2.6.0\\Drivers\\STM32F4xx_HAL_Driver\\Src\\stm32f4xx_hal_tim.c 0x00000000   Number         0  stm32f4xx_hal_tim.o ABSOLUTE
    C:\\Keil_v5\\ARM\\PACK\\Keil\\STM32F4xx_DFP\\2.6.0\\Drivers\\STM32F4xx_HAL_Driver\\Src\\stm32f4xx_hal_tim_ex.c 0x00000000   Number         0  stm32f4xx_hal_tim_ex.o ABSOLUTE
    C:\\Keil_v5\\ARM\\PACK\\Keil\\STM32F4xx_DFP\\2.6.0\\Drivers\\STM32F4xx_HAL_Driver\\Src\\stm32f4xx_hal_uart.c 0x00000000   Number         0  stm32f4xx_hal_uart.o ABSOLUTE
    C:\\Keil_v5\\ARM\\PACK\\Keil\\STM32F4xx_DFP\\2.6.0\\Drivers\\STM32F4xx_HAL_Driver\\Src\\stm32f4xx_hal_usart.c 0x00000000   Number         0  stm32f4xx_hal_usart.o ABSOLUTE
    RTE\Device\STM32F407VGTx\startup_stm32f407xx.s 0x00000000   Number         0  startup_stm32f407xx.o ABSOLUTE
    RTE\Device\STM32F407VGTx\system_stm32f4xx.c 0x00000000   Number         0  system_stm32f4xx.o ABSOLUTE
    RTE\\Device\\STM32F407VGTx\\system_stm32f4xx.c 0x00000000   Number         0  system_stm32f4xx.o ABSOLUTE
    cdcmple.s                                0x00000000   Number         0  cdcmple.o ABSOLUTE
    cdrcmple.s                               0x00000000   Number         0  cdrcmple.o ABSOLUTE
    dc.s                                     0x00000000   Number         0  dc.o ABSOLUTE
    handlers.s                               0x00000000   Number         0  handlers.o ABSOLUTE
    init.s                                   0x00000000   Number         0  init.o ABSOLUTE
    main.c                                   0x00000000   Number         0  main.o ABSOLUTE
    main.c                                   0x00000000   Number         0  main.o ABSOLUTE
    RESET                                    0x08000000   Section      392  startup_stm32f407xx.o(RESET)
    .ARM.Collect$$$$00000000                 0x08000188   Section        0  entry.o(.ARM.Collect$$$$00000000)
    .ARM.Collect$$$$00000001                 0x08000188   Section        4  entry2.o(.ARM.Collect$$$$00000001)
    .ARM.Collect$$$$00000004                 0x0800018c   Section        4  entry5.o(.ARM.Collect$$$$00000004)
    .ARM.Collect$$$$00000008                 0x08000190   Section        0  entry7b.o(.ARM.Collect$$$$00000008)
    .ARM.Collect$$$$0000000A                 0x08000190   Section        0  entry8b.o(.ARM.Collect$$$$0000000A)
    .ARM.Collect$$$$0000000B                 0x08000190   Section        8  entry9a.o(.ARM.Collect$$$$0000000B)
    .ARM.Collect$$$$0000000D                 0x08000198   Section        0  entry10a.o(.ARM.Collect$$$$0000000D)
    .ARM.Collect$$$$0000000F                 0x08000198   Section        0  entry11a.o(.ARM.Collect$$$$0000000F)
    .ARM.Collect$$$$00002712                 0x08000198   Section        4  entry2.o(.ARM.Collect$$$$00002712)
    __lit__00000000                          0x08000198   Data           4  entry2.o(.ARM.Collect$$$$00002712)
    .text                                    0x0800019c   Section       36  startup_stm32f407xx.o(.text)
    $v0                                      0x0800019c   Number         0  startup_stm32f407xx.o(.text)
    .text                                    0x080001c0   Section        0  memcpya.o(.text)
    .text                                    0x080001e4   Section        0  dadd.o(.text)
    .text                                    0x08000332   Section        0  dmul.o(.text)
    .text                                    0x08000416   Section        0  ddiv.o(.text)
    .text                                    0x080004f4   Section        0  f2d.o(.text)
    .text                                    0x0800051a   Section        0  d2f.o(.text)
    .text                                    0x08000552   Section        0  llshl.o(.text)
    .text                                    0x08000570   Section        0  llsshr.o(.text)
    .text                                    0x08000594   Section        0  fepilogue.o(.text)
    .text                                    0x08000594   Section        0  iusefp.o(.text)
    .text                                    0x08000602   Section        0  depilogue.o(.text)
    .text                                    0x080006bc   Section        0  dscalb.o(.text)
    .text                                    0x080006ea   Section        0  dsqrt.o(.text)
    .text                                    0x0800078c   Section        0  dflti.o(.text)
    .text                                    0x080007b0   Section       48  cdrcmple.o(.text)
    .text                                    0x080007e0   Section       36  init.o(.text)
    .text                                    0x08000804   Section        0  llushr.o(.text)
    i.Calculate_Accel_X_Angles               0x08000824   Section        0  main.o(i.Calculate_Accel_X_Angles)
    i.Calculate_Accel_Y_Angles               0x080009b8   Section        0  main.o(i.Calculate_Accel_Y_Angles)
    i.Error_Handler                          0x08000b5c   Section        0  main.o(i.Error_Handler)
    Error_Handler                            0x08000b5d   Thumb Code    28  main.o(i.Error_Handler)
    i.HAL_GPIO_Init                          0x08000b78   Section        0  stm32f4xx_hal_gpio.o(i.HAL_GPIO_Init)
    i.HAL_GPIO_ReadPin                       0x08000d80   Section        0  stm32f4xx_hal_gpio.o(i.HAL_GPIO_ReadPin)
    i.HAL_GPIO_TogglePin                     0x08000d90   Section        0  stm32f4xx_hal_gpio.o(i.HAL_GPIO_TogglePin)
    i.HAL_GPIO_WritePin                      0x08000d98   Section        0  stm32f4xx_hal_gpio.o(i.HAL_GPIO_WritePin)
    i.HAL_GetREVID                           0x08000da4   Section        0  stm32f4xx_hal.o(i.HAL_GetREVID)
    i.HAL_GetTick                            0x08000db0   Section        0  stm32f4xx_hal.o(i.HAL_GetTick)
    i.HAL_I2C_GetState                       0x08000dbc   Section        0  stm32f4xx_hal_i2c.o(i.HAL_I2C_GetState)
    i.HAL_I2C_Init                           0x08000dc4   Section        0  stm32f4xx_hal_i2c.o(i.HAL_I2C_Init)
    i.HAL_I2C_IsDeviceReady                  0x08000ee4   Section        0  stm32f4xx_hal_i2c.o(i.HAL_I2C_IsDeviceReady)
    i.HAL_I2C_Master_Receive                 0x08001070   Section        0  stm32f4xx_hal_i2c.o(i.HAL_I2C_Master_Receive)
    i.HAL_I2C_Master_Transmit                0x080012a4   Section        0  stm32f4xx_hal_i2c.o(i.HAL_I2C_Master_Transmit)
    i.HAL_I2C_MspInit                        0x080013c0   Section        0  stm32f4xx_hal_i2c.o(i.HAL_I2C_MspInit)
    i.HAL_Init                               0x080013c4   Section        0  stm32f4xx_hal.o(i.HAL_Init)
    i.HAL_InitTick                           0x08001400   Section        0  stm32f4xx_hal.o(i.HAL_InitTick)
    i.HAL_MspInit                            0x08001424   Section        0  stm32f4xx_hal.o(i.HAL_MspInit)
    i.HAL_NVIC_EnableIRQ                     0x08001426   Section        0  stm32f4xx_hal_cortex.o(i.HAL_NVIC_EnableIRQ)
    i.HAL_NVIC_SetPriority                   0x08001440   Section        0  stm32f4xx_hal_cortex.o(i.HAL_NVIC_SetPriority)
    i.HAL_NVIC_SetPriorityGrouping           0x080014bc   Section        0  stm32f4xx_hal_cortex.o(i.HAL_NVIC_SetPriorityGrouping)
    i.HAL_RCC_ClockConfig                    0x080014e4   Section        0  stm32f4xx_hal_rcc.o(i.HAL_RCC_ClockConfig)
    i.HAL_RCC_GetHCLKFreq                    0x08001794   Section        0  stm32f4xx_hal_rcc.o(i.HAL_RCC_GetHCLKFreq)
    i.HAL_RCC_GetPCLK1Freq                   0x080017cc   Section        0  stm32f4xx_hal_rcc.o(i.HAL_RCC_GetPCLK1Freq)
    i.HAL_RCC_GetSysClockFreq                0x080017f8   Section        0  stm32f4xx_hal_rcc.o(i.HAL_RCC_GetSysClockFreq)
    i.HAL_RCC_OscConfig                      0x080018ac   Section        0  stm32f4xx_hal_rcc.o(i.HAL_RCC_OscConfig)
    i.HAL_SYSTICK_Config                     0x08001cb0   Section        0  stm32f4xx_hal_cortex.o(i.HAL_SYSTICK_Config)
    i.HAL_TIMEx_MasterConfigSynchronization  0x08001ce4   Section        0  stm32f4xx_hal_tim_ex.o(i.HAL_TIMEx_MasterConfigSynchronization)
    i.HAL_TIMEx_PWMN_Start                   0x08001d46   Section        0  stm32f4xx_hal_tim_ex.o(i.HAL_TIMEx_PWMN_Start)
    i.HAL_TIM_Base_Init                      0x08001d72   Section        0  stm32f4xx_hal_tim.o(i.HAL_TIM_Base_Init)
    i.HAL_TIM_Base_MspInit                   0x08001da6   Section        0  stm32f4xx_hal_tim.o(i.HAL_TIM_Base_MspInit)
    i.HAL_TIM_Base_Start_IT                  0x08001da8   Section        0  stm32f4xx_hal_tim.o(i.HAL_TIM_Base_Start_IT)
    i.HAL_TIM_ConfigClockSource              0x08001dc6   Section        0  stm32f4xx_hal_tim.o(i.HAL_TIM_ConfigClockSource)
    i.HAL_TIM_IC_ConfigChannel               0x08001ef8   Section        0  stm32f4xx_hal_tim.o(i.HAL_TIM_IC_ConfigChannel)
    i.HAL_TIM_IC_Init                        0x08001fd8   Section        0  stm32f4xx_hal_tim.o(i.HAL_TIM_IC_Init)
    i.HAL_TIM_IC_MspInit                     0x0800200c   Section        0  stm32f4xx_hal_tim.o(i.HAL_TIM_IC_MspInit)
    i.HAL_TIM_IC_Start_IT                    0x0800200e   Section        0  stm32f4xx_hal_tim.o(i.HAL_TIM_IC_Start_IT)
    i.HAL_TIM_PWM_ConfigChannel              0x0800207a   Section        0  stm32f4xx_hal_tim.o(i.HAL_TIM_PWM_ConfigChannel)
    i.HAL_TIM_PWM_Init                       0x08002182   Section        0  stm32f4xx_hal_tim.o(i.HAL_TIM_PWM_Init)
    i.HAL_TIM_PWM_MspInit                    0x080021b6   Section        0  stm32f4xx_hal_tim.o(i.HAL_TIM_PWM_MspInit)
    i.HAL_TIM_PWM_Start                      0x080021b8   Section        0  stm32f4xx_hal_tim.o(i.HAL_TIM_PWM_Start)
    i.I2C_MasterRequestRead                  0x08002204   Section        0  stm32f4xx_hal_i2c.o(i.I2C_MasterRequestRead)
    I2C_MasterRequestRead                    0x08002205   Thumb Code   242  stm32f4xx_hal_i2c.o(i.I2C_MasterRequestRead)
    i.I2C_MasterRequestWrite                 0x080022fc   Section        0  stm32f4xx_hal_i2c.o(i.I2C_MasterRequestWrite)
    I2C_MasterRequestWrite                   0x080022fd   Thumb Code   136  stm32f4xx_hal_i2c.o(i.I2C_MasterRequestWrite)
    i.I2C_WaitOnFlagUntilTimeout             0x08002388   Section        0  stm32f4xx_hal_i2c.o(i.I2C_WaitOnFlagUntilTimeout)
    I2C_WaitOnFlagUntilTimeout               0x08002389   Thumb Code   222  stm32f4xx_hal_i2c.o(i.I2C_WaitOnFlagUntilTimeout)
    i.I2C_WaitOnMasterAddressFlagUntilTimeout 0x08002466   Section        0  stm32f4xx_hal_i2c.o(i.I2C_WaitOnMasterAddressFlagUntilTimeout)
    I2C_WaitOnMasterAddressFlagUntilTimeout  0x08002467   Thumb Code   170  stm32f4xx_hal_i2c.o(i.I2C_WaitOnMasterAddressFlagUntilTimeout)
    i.Init_BUTTON_USER_PORT_A_0              0x08002510   Section        0  main.o(i.Init_BUTTON_USER_PORT_A_0)
    i.Init_I2C_GPIO_PortB                    0x08002534   Section        0  main.o(i.Init_I2C_GPIO_PortB)
    i.Init_I2C_Handle_10truc                 0x0800255c   Section        0  main.o(i.Init_I2C_Handle_10truc)
    i.Init_LEDSANG_PORTD_12_13_14_15         0x08002594   Section        0  main.o(i.Init_LEDSANG_PORTD_12_13_14_15)
    i.Init_PWM_GPIO_PORT_C_4Channel          0x080025bc   Section        0  main.o(i.Init_PWM_GPIO_PORT_C_4Channel)
    i.Init_PWM_TIM3_Handle                   0x080025e4   Section        0  main.o(i.Init_PWM_TIM3_Handle)
    i.Init_Receiver_TIM1_PWM_Capture_PortE   0x08002610   Section        0  main.o(i.Init_Receiver_TIM1_PWM_Capture_PortE)
    i.Init_TIM3_OUTPUT_COMPARE               0x080026d4   Section        0  main.o(i.Init_TIM3_OUTPUT_COMPARE)
    i.KiemTraCodeOK                          0x0800270c   Section        0  main.o(i.KiemTraCodeOK)
    i.NVIC_GetPriorityGrouping               0x08002738   Section        0  stm32f4xx_hal_cortex.o(i.NVIC_GetPriorityGrouping)
    NVIC_GetPriorityGrouping                 0x08002739   Thumb Code    10  stm32f4xx_hal_cortex.o(i.NVIC_GetPriorityGrouping)
    i.NVIC_SetPriority                       0x08002748   Section        0  stm32f4xx_hal_cortex.o(i.NVIC_SetPriority)
    NVIC_SetPriority                         0x08002749   Thumb Code    32  stm32f4xx_hal_cortex.o(i.NVIC_SetPriority)
    i.SANG_1_LED                             0x08002770   Section        0  main.o(i.SANG_1_LED)
    i.SANG_2_LED                             0x080027e8   Section        0  main.o(i.SANG_2_LED)
    i.SANG_4_LED                             0x08002854   Section        0  main.o(i.SANG_4_LED)
    i.SANG_4_LED_OFF                         0x08002884   Section        0  main.o(i.SANG_4_LED_OFF)
    i.Sang_Led_By_MPU6050_Values             0x080028bc   Section        0  main.o(i.Sang_Led_By_MPU6050_Values)
    i.SysTick_Handler                        0x08002940   Section        0  main.o(i.SysTick_Handler)
    i.SystemClock_Config                     0x08002950   Section        0  main.o(i.SystemClock_Config)
    SystemClock_Config                       0x08002951   Thumb Code   170  main.o(i.SystemClock_Config)
    i.SystemInit                             0x08002a08   Section        0  system_stm32f4xx.o(i.SystemInit)
    i.TIM3_IRQHandler                        0x08002a6c   Section        0  main.o(i.TIM3_IRQHandler)
    i.TIM_Base_SetConfig                     0x08002a70   Section        0  stm32f4xx_hal_tim.o(i.TIM_Base_SetConfig)
    i.TIM_CCxChannelCmd                      0x08002b54   Section        0  stm32f4xx_hal_tim.o(i.TIM_CCxChannelCmd)
    i.TIM_CCxNChannelCmd                     0x08002b70   Section        0  stm32f4xx_hal_tim_ex.o(i.TIM_CCxNChannelCmd)
    TIM_CCxNChannelCmd                       0x08002b71   Thumb Code    28  stm32f4xx_hal_tim_ex.o(i.TIM_CCxNChannelCmd)
    i.TIM_ETR_SetConfig                      0x08002b8c   Section        0  stm32f4xx_hal_tim.o(i.TIM_ETR_SetConfig)
    TIM_ETR_SetConfig                        0x08002b8d   Thumb Code    24  stm32f4xx_hal_tim.o(i.TIM_ETR_SetConfig)
    i.TIM_ITRx_SetConfig                     0x08002ba4   Section        0  stm32f4xx_hal_tim.o(i.TIM_ITRx_SetConfig)
    TIM_ITRx_SetConfig                       0x08002ba5   Thumb Code    20  stm32f4xx_hal_tim.o(i.TIM_ITRx_SetConfig)
    i.TIM_OC1_SetConfig                      0x08002bb8   Section        0  stm32f4xx_hal_tim.o(i.TIM_OC1_SetConfig)
    TIM_OC1_SetConfig                        0x08002bb9   Thumb Code   102  stm32f4xx_hal_tim.o(i.TIM_OC1_SetConfig)
    i.TIM_OC2_SetConfig                      0x08002c28   Section        0  stm32f4xx_hal_tim.o(i.TIM_OC2_SetConfig)
    i.TIM_OC3_SetConfig                      0x08002ca0   Section        0  stm32f4xx_hal_tim.o(i.TIM_OC3_SetConfig)
    TIM_OC3_SetConfig                        0x08002ca1   Thumb Code   110  stm32f4xx_hal_tim.o(i.TIM_OC3_SetConfig)
    i.TIM_OC4_SetConfig                      0x08002d18   Section        0  stm32f4xx_hal_tim.o(i.TIM_OC4_SetConfig)
    TIM_OC4_SetConfig                        0x08002d19   Thumb Code    88  stm32f4xx_hal_tim.o(i.TIM_OC4_SetConfig)
    i.TIM_TI1_ConfigInputStage               0x08002d78   Section        0  stm32f4xx_hal_tim.o(i.TIM_TI1_ConfigInputStage)
    TIM_TI1_ConfigInputStage                 0x08002d79   Thumb Code    42  stm32f4xx_hal_tim.o(i.TIM_TI1_ConfigInputStage)
    i.TIM_TI1_SetConfig                      0x08002da4   Section        0  stm32f4xx_hal_tim.o(i.TIM_TI1_SetConfig)
    i.TIM_TI2_ConfigInputStage               0x08002e3c   Section        0  stm32f4xx_hal_tim.o(i.TIM_TI2_ConfigInputStage)
    TIM_TI2_ConfigInputStage                 0x08002e3d   Thumb Code    44  stm32f4xx_hal_tim.o(i.TIM_TI2_ConfigInputStage)
    i.TIM_TI2_SetConfig                      0x08002e68   Section        0  stm32f4xx_hal_tim.o(i.TIM_TI2_SetConfig)
    TIM_TI2_SetConfig                        0x08002e69   Thumb Code    62  stm32f4xx_hal_tim.o(i.TIM_TI2_SetConfig)
    i.TIM_TI3_SetConfig                      0x08002ea6   Section        0  stm32f4xx_hal_tim.o(i.TIM_TI3_SetConfig)
    TIM_TI3_SetConfig                        0x08002ea7   Thumb Code    60  stm32f4xx_hal_tim.o(i.TIM_TI3_SetConfig)
    i.TIM_TI4_SetConfig                      0x08002ee2   Section        0  stm32f4xx_hal_tim.o(i.TIM_TI4_SetConfig)
    TIM_TI4_SetConfig                        0x08002ee3   Thumb Code    64  stm32f4xx_hal_tim.o(i.TIM_TI4_SetConfig)
    i.TM_I2C_IS_DEVICE_CONNECTED             0x08002f22   Section        0  main.o(i.TM_I2C_IS_DEVICE_CONNECTED)
    i.TM_I2C_READ                            0x08002f4a   Section        0  main.o(i.TM_I2C_READ)
    i.TM_I2C_READ_MULTI                      0x08002f94   Section        0  main.o(i.TM_I2C_READ_MULTI)
    i.TM_I2C_WHO_I_AM                        0x08002fe0   Section        0  main.o(i.TM_I2C_WHO_I_AM)
    i.TM_I2C_WRITE                           0x0800302c   Section        0  main.o(i.TM_I2C_WRITE)
    i.TM_MPU6050_ReadAll                     0x08003064   Section        0  main.o(i.TM_MPU6050_ReadAll)
    i.TM_MPU6050_SetAccelerometer            0x08003120   Section        0  main.o(i.TM_MPU6050_SetAccelerometer)
    i.TM_MPU6050_SetDataRate                 0x0800316e   Section        0  main.o(i.TM_MPU6050_SetDataRate)
    i.TM_MPU6050_SetGyroscope                0x08003196   Section        0  main.o(i.TM_MPU6050_SetGyroscope)
    i.__ARM_fpclassify                       0x080031e4   Section        0  fpclassify.o(i.__ARM_fpclassify)
    i.__hardfp_atan                          0x08003218   Section        0  atan.o(i.__hardfp_atan)
    i.__hardfp_pow                           0x080034f0   Section        0  pow.o(i.__hardfp_pow)
    i.__hardfp_sqrt                          0x08004140   Section        0  sqrt.o(i.__hardfp_sqrt)
    i.__kernel_poly                          0x080041ba   Section        0  poly.o(i.__kernel_poly)
    i.__mathlib_dbl_divzero                  0x080042b8   Section        0  dunder.o(i.__mathlib_dbl_divzero)
    i.__mathlib_dbl_infnan                   0x080042e8   Section        0  dunder.o(i.__mathlib_dbl_infnan)
    i.__mathlib_dbl_infnan2                  0x080042fc   Section        0  dunder.o(i.__mathlib_dbl_infnan2)
    i.__mathlib_dbl_invalid                  0x08004310   Section        0  dunder.o(i.__mathlib_dbl_invalid)
    i.__mathlib_dbl_overflow                 0x08004330   Section        0  dunder.o(i.__mathlib_dbl_overflow)
    i.__mathlib_dbl_underflow                0x08004350   Section        0  dunder.o(i.__mathlib_dbl_underflow)
    i.__scatterload_copy                     0x08004370   Section       14  handlers.o(i.__scatterload_copy)
    i.__scatterload_null                     0x0800437e   Section        2  handlers.o(i.__scatterload_null)
    i.__scatterload_zeroinit                 0x08004380   Section       14  handlers.o(i.__scatterload_zeroinit)
    i.__set_errno                            0x08004390   Section        0  errno.o(i.__set_errno)
    i.delay_ms                               0x0800439c   Section        0  main.o(i.delay_ms)
    i.fabs                                   0x080043b4   Section        0  fabs.o(i.fabs)
    i.main                                   0x080043cc   Section        0  main.o(i.main)
    i.sqrt                                   0x0800470c   Section        0  sqrt.o(i.sqrt)
    .constdata                               0x0800477a   Section       16  stm32f4xx_hal_rcc.o(.constdata)
    .constdata                               0x08004790   Section      152  atan.o(.constdata)
    atanhi                                   0x08004790   Data          32  atan.o(.constdata)
    atanlo                                   0x080047b0   Data          32  atan.o(.constdata)
    aTodd                                    0x080047d0   Data          40  atan.o(.constdata)
    aTeven                                   0x080047f8   Data          48  atan.o(.constdata)
    .constdata                               0x08004828   Section      136  pow.o(.constdata)
    bp                                       0x08004828   Data          16  pow.o(.constdata)
    dp_h                                     0x08004838   Data          16  pow.o(.constdata)
    dp_l                                     0x08004848   Data          16  pow.o(.constdata)
    L                                        0x08004858   Data          48  pow.o(.constdata)
    P                                        0x08004888   Data          40  pow.o(.constdata)
    .constdata                               0x080048b0   Section        8  qnan.o(.constdata)
    .data                                    0x20000000   Section       32  main.o(.data)
    .data                                    0x20000020   Section        4  stm32f4xx_hal.o(.data)
    uwTick                                   0x20000020   Data           4  stm32f4xx_hal.o(.data)
    .data                                    0x20000024   Section        4  system_stm32f4xx.o(.data)
    .data                                    0x20000028   Section        4  errno.o(.data)
    _errno                                   0x20000028   Data           4  errno.o(.data)
    .bss                                     0x2000002c   Section      208  main.o(.bss)
    STACK                                    0x20000100   Section     1024  startup_stm32f407xx.o(STACK)

    Global Symbols

    Symbol Name                              Value     Ov Type        Size  Object(Section)

    BuildAttributes$$THM_ISAv4$E$P$D$K$B$S$7EM$VFPi3$EXTD16$VFPS$VFMA$PE$A:L22UL41UL21$X:L11$S22US41US21$IEEE1$IW$USESV6$~STKCKD$USESV7$~SHL$OTIME$ROPI$IEEEX$EBA8$MICROLIB$REQ8$PRES8$EABIv2 0x00000000   Number         0  anon$$obj.o ABSOLUTE
    __ARM_use_no_argv                        0x00000000   Number         0  main.o ABSOLUTE
    __cpp_initialize__aeabi_                  - Undefined Weak Reference
    __cxa_finalize                            - Undefined Weak Reference
    __decompress                              - Undefined Weak Reference
    _clock_init                               - Undefined Weak Reference
    _microlib_exit                            - Undefined Weak Reference
    __Vectors_Size                           0x00000188   Number         0  startup_stm32f407xx.o ABSOLUTE
    __Vectors                                0x08000000   Data           4  startup_stm32f407xx.o(RESET)
    __Vectors_End                            0x08000188   Data           0  startup_stm32f407xx.o(RESET)
    __main                                   0x08000189   Thumb Code     0  entry.o(.ARM.Collect$$$$00000000)
    _main_stk                                0x08000189   Thumb Code     0  entry2.o(.ARM.Collect$$$$00000001)
    _main_scatterload                        0x0800018d   Thumb Code     0  entry5.o(.ARM.Collect$$$$00000004)
    __main_after_scatterload                 0x08000191   Thumb Code     0  entry5.o(.ARM.Collect$$$$00000004)
    _main_clock                              0x08000191   Thumb Code     0  entry7b.o(.ARM.Collect$$$$00000008)
    _main_cpp_init                           0x08000191   Thumb Code     0  entry8b.o(.ARM.Collect$$$$0000000A)
    _main_init                               0x08000191   Thumb Code     0  entry9a.o(.ARM.Collect$$$$0000000B)
    __rt_final_cpp                           0x08000199   Thumb Code     0  entry10a.o(.ARM.Collect$$$$0000000D)
    __rt_final_exit                          0x08000199   Thumb Code     0  entry11a.o(.ARM.Collect$$$$0000000F)
    Reset_Handler                            0x0800019d   Thumb Code     8  startup_stm32f407xx.o(.text)
    NMI_Handler                              0x080001a5   Thumb Code     2  startup_stm32f407xx.o(.text)
    HardFault_Handler                        0x080001a7   Thumb Code     2  startup_stm32f407xx.o(.text)
    MemManage_Handler                        0x080001a9   Thumb Code     2  startup_stm32f407xx.o(.text)
    BusFault_Handler                         0x080001ab   Thumb Code     2  startup_stm32f407xx.o(.text)
    UsageFault_Handler                       0x080001ad   Thumb Code     2  startup_stm32f407xx.o(.text)
    SVC_Handler                              0x080001af   Thumb Code     2  startup_stm32f407xx.o(.text)
    DebugMon_Handler                         0x080001b1   Thumb Code     2  startup_stm32f407xx.o(.text)
    PendSV_Handler                           0x080001b3   Thumb Code     2  startup_stm32f407xx.o(.text)
    ADC_IRQHandler                           0x080001b7   Thumb Code     0  startup_stm32f407xx.o(.text)
    CAN1_RX0_IRQHandler                      0x080001b7   Thumb Code     0  startup_stm32f407xx.o(.text)
    CAN1_RX1_IRQHandler                      0x080001b7   Thumb Code     0  startup_stm32f407xx.o(.text)
    CAN1_SCE_IRQHandler                      0x080001b7   Thumb Code     0  startup_stm32f407xx.o(.text)
    CAN1_TX_IRQHandler                       0x080001b7   Thumb Code     0  startup_stm32f407xx.o(.text)
    CAN2_RX0_IRQHandler                      0x080001b7   Thumb Code     0  startup_stm32f407xx.o(.text)
    CAN2_RX1_IRQHandler                      0x080001b7   Thumb Code     0  startup_stm32f407xx.o(.text)
    CAN2_SCE_IRQHandler                      0x080001b7   Thumb Code     0  startup_stm32f407xx.o(.text)
    CAN2_TX_IRQHandler                       0x080001b7   Thumb Code     0  startup_stm32f407xx.o(.text)
    DCMI_IRQHandler                          0x080001b7   Thumb Code     0  startup_stm32f407xx.o(.text)
    DMA1_Stream0_IRQHandler                  0x080001b7   Thumb Code     0  startup_stm32f407xx.o(.text)
    DMA1_Stream1_IRQHandler                  0x080001b7   Thumb Code     0  startup_stm32f407xx.o(.text)
    DMA1_Stream2_IRQHandler                  0x080001b7   Thumb Code     0  startup_stm32f407xx.o(.text)
    DMA1_Stream3_IRQHandler                  0x080001b7   Thumb Code     0  startup_stm32f407xx.o(.text)
    DMA1_Stream4_IRQHandler                  0x080001b7   Thumb Code     0  startup_stm32f407xx.o(.text)
    DMA1_Stream5_IRQHandler                  0x080001b7   Thumb Code     0  startup_stm32f407xx.o(.text)
    DMA1_Stream6_IRQHandler                  0x080001b7   Thumb Code     0  startup_stm32f407xx.o(.text)
    DMA1_Stream7_IRQHandler                  0x080001b7   Thumb Code     0  startup_stm32f407xx.o(.text)
    DMA2_Stream0_IRQHandler                  0x080001b7   Thumb Code     0  startup_stm32f407xx.o(.text)
    DMA2_Stream1_IRQHandler                  0x080001b7   Thumb Code     0  startup_stm32f407xx.o(.text)
    DMA2_Stream2_IRQHandler                  0x080001b7   Thumb Code     0  startup_stm32f407xx.o(.text)
    DMA2_Stream3_IRQHandler                  0x080001b7   Thumb Code     0  startup_stm32f407xx.o(.text)
    DMA2_Stream4_IRQHandler                  0x080001b7   Thumb Code     0  startup_stm32f407xx.o(.text)
    DMA2_Stream5_IRQHandler                  0x080001b7   Thumb Code     0  startup_stm32f407xx.o(.text)
    DMA2_Stream6_IRQHandler                  0x080001b7   Thumb Code     0  startup_stm32f407xx.o(.text)
    DMA2_Stream7_IRQHandler                  0x080001b7   Thumb Code     0  startup_stm32f407xx.o(.text)
    ETH_IRQHandler                           0x080001b7   Thumb Code     0  startup_stm32f407xx.o(.text)
    ETH_WKUP_IRQHandler                      0x080001b7   Thumb Code     0  startup_stm32f407xx.o(.text)
    EXTI0_IRQHandler                         0x080001b7   Thumb Code     0  startup_stm32f407xx.o(.text)
    EXTI15_10_IRQHandler                     0x080001b7   Thumb Code     0  startup_stm32f407xx.o(.text)
    EXTI1_IRQHandler                         0x080001b7   Thumb Code     0  startup_stm32f407xx.o(.text)
    EXTI2_IRQHandler                         0x080001b7   Thumb Code     0  startup_stm32f407xx.o(.text)
    EXTI3_IRQHandler                         0x080001b7   Thumb Code     0  startup_stm32f407xx.o(.text)
    EXTI4_IRQHandler                         0x080001b7   Thumb Code     0  startup_stm32f407xx.o(.text)
    EXTI9_5_IRQHandler                       0x080001b7   Thumb Code     0  startup_stm32f407xx.o(.text)
    FLASH_IRQHandler                         0x080001b7   Thumb Code     0  startup_stm32f407xx.o(.text)
    FMC_IRQHandler                           0x080001b7   Thumb Code     0  startup_stm32f407xx.o(.text)
    FPU_IRQHandler                           0x080001b7   Thumb Code     0  startup_stm32f407xx.o(.text)
    HASH_RNG_IRQHandler                      0x080001b7   Thumb Code     0  startup_stm32f407xx.o(.text)
    I2C1_ER_IRQHandler                       0x080001b7   Thumb Code     0  startup_stm32f407xx.o(.text)
    I2C1_EV_IRQHandler                       0x080001b7   Thumb Code     0  startup_stm32f407xx.o(.text)
    I2C2_ER_IRQHandler                       0x080001b7   Thumb Code     0  startup_stm32f407xx.o(.text)
    I2C2_EV_IRQHandler                       0x080001b7   Thumb Code     0  startup_stm32f407xx.o(.text)
    I2C3_ER_IRQHandler                       0x080001b7   Thumb Code     0  startup_stm32f407xx.o(.text)
    I2C3_EV_IRQHandler                       0x080001b7   Thumb Code     0  startup_stm32f407xx.o(.text)
    OTG_FS_IRQHandler                        0x080001b7   Thumb Code     0  startup_stm32f407xx.o(.text)
    OTG_FS_WKUP_IRQHandler                   0x080001b7   Thumb Code     0  startup_stm32f407xx.o(.text)
    OTG_HS_EP1_IN_IRQHandler                 0x080001b7   Thumb Code     0  startup_stm32f407xx.o(.text)
    OTG_HS_EP1_OUT_IRQHandler                0x080001b7   Thumb Code     0  startup_stm32f407xx.o(.text)
    OTG_HS_IRQHandler                        0x080001b7   Thumb Code     0  startup_stm32f407xx.o(.text)
    OTG_HS_WKUP_IRQHandler                   0x080001b7   Thumb Code     0  startup_stm32f407xx.o(.text)
    PVD_IRQHandler                           0x080001b7   Thumb Code     0  startup_stm32f407xx.o(.text)
    RCC_IRQHandler                           0x080001b7   Thumb Code     0  startup_stm32f407xx.o(.text)
    RTC_Alarm_IRQHandler                     0x080001b7   Thumb Code     0  startup_stm32f407xx.o(.text)
    RTC_WKUP_IRQHandler                      0x080001b7   Thumb Code     0  startup_stm32f407xx.o(.text)
    SDIO_IRQHandler                          0x080001b7   Thumb Code     0  startup_stm32f407xx.o(.text)
    SPI1_IRQHandler                          0x080001b7   Thumb Code     0  startup_stm32f407xx.o(.text)
    SPI2_IRQHandler                          0x080001b7   Thumb Code     0  startup_stm32f407xx.o(.text)
    SPI3_IRQHandler                          0x080001b7   Thumb Code     0  startup_stm32f407xx.o(.text)
    TAMP_STAMP_IRQHandler                    0x080001b7   Thumb Code     0  startup_stm32f407xx.o(.text)
    TIM1_BRK_TIM9_IRQHandler                 0x080001b7   Thumb Code     0  startup_stm32f407xx.o(.text)
    TIM1_CC_IRQHandler                       0x080001b7   Thumb Code     0  startup_stm32f407xx.o(.text)
    TIM1_TRG_COM_TIM11_IRQHandler            0x080001b7   Thumb Code     0  startup_stm32f407xx.o(.text)
    TIM1_UP_TIM10_IRQHandler                 0x080001b7   Thumb Code     0  startup_stm32f407xx.o(.text)
    TIM2_IRQHandler                          0x080001b7   Thumb Code     0  startup_stm32f407xx.o(.text)
    TIM4_IRQHandler                          0x080001b7   Thumb Code     0  startup_stm32f407xx.o(.text)
    TIM5_IRQHandler                          0x080001b7   Thumb Code     0  startup_stm32f407xx.o(.text)
    TIM6_DAC_IRQHandler                      0x080001b7   Thumb Code     0  startup_stm32f407xx.o(.text)
    TIM7_IRQHandler                          0x080001b7   Thumb Code     0  startup_stm32f407xx.o(.text)
    TIM8_BRK_TIM12_IRQHandler                0x080001b7   Thumb Code     0  startup_stm32f407xx.o(.text)
    TIM8_CC_IRQHandler                       0x080001b7   Thumb Code     0  startup_stm32f407xx.o(.text)
    TIM8_TRG_COM_TIM14_IRQHandler            0x080001b7   Thumb Code     0  startup_stm32f407xx.o(.text)
    TIM8_UP_TIM13_IRQHandler                 0x080001b7   Thumb Code     0  startup_stm32f407xx.o(.text)
    UART4_IRQHandler                         0x080001b7   Thumb Code     0  startup_stm32f407xx.o(.text)
    UART5_IRQHandler                         0x080001b7   Thumb Code     0  startup_stm32f407xx.o(.text)
    USART1_IRQHandler                        0x080001b7   Thumb Code     0  startup_stm32f407xx.o(.text)
    USART2_IRQHandler                        0x080001b7   Thumb Code     0  startup_stm32f407xx.o(.text)
    USART3_IRQHandler                        0x080001b7   Thumb Code     0  startup_stm32f407xx.o(.text)
    USART6_IRQHandler                        0x080001b7   Thumb Code     0  startup_stm32f407xx.o(.text)
    WWDG_IRQHandler                          0x080001b7   Thumb Code     0  startup_stm32f407xx.o(.text)
    __aeabi_memcpy                           0x080001c1   Thumb Code    36  memcpya.o(.text)
    __aeabi_memcpy4                          0x080001c1   Thumb Code     0  memcpya.o(.text)
    __aeabi_memcpy8                          0x080001c1   Thumb Code     0  memcpya.o(.text)
    __aeabi_dadd                             0x080001e5   Thumb Code   322  dadd.o(.text)
    __aeabi_dsub                             0x08000327   Thumb Code     6  dadd.o(.text)
    __aeabi_drsub                            0x0800032d   Thumb Code     6  dadd.o(.text)
    __aeabi_dmul                             0x08000333   Thumb Code   228  dmul.o(.text)
    __aeabi_ddiv                             0x08000417   Thumb Code   222  ddiv.o(.text)
    __aeabi_f2d                              0x080004f5   Thumb Code    38  f2d.o(.text)
    __aeabi_d2f                              0x0800051b   Thumb Code    56  d2f.o(.text)
    __aeabi_llsl                             0x08000553   Thumb Code    30  llshl.o(.text)
    _ll_shift_l                              0x08000553   Thumb Code     0  llshl.o(.text)
    __aeabi_lasr                             0x08000571   Thumb Code    36  llsshr.o(.text)
    _ll_sshift_r                             0x08000571   Thumb Code     0  llsshr.o(.text)
    __I$use$fp                               0x08000595   Thumb Code     0  iusefp.o(.text)
    _float_round                             0x08000595   Thumb Code    18  fepilogue.o(.text)
    _float_epilogue                          0x080005a7   Thumb Code    92  fepilogue.o(.text)
    _double_round                            0x08000603   Thumb Code    30  depilogue.o(.text)
    _double_epilogue                         0x08000621   Thumb Code   156  depilogue.o(.text)
    __ARM_scalbn                             0x080006bd   Thumb Code    46  dscalb.o(.text)
    scalbn                                   0x080006bd   Thumb Code     0  dscalb.o(.text)
    _dsqrt                                   0x080006eb   Thumb Code   162  dsqrt.o(.text)
    __aeabi_i2d                              0x0800078d   Thumb Code    34  dflti.o(.text)
    __aeabi_cdrcmple                         0x080007b1   Thumb Code    48  cdrcmple.o(.text)
    __scatterload                            0x080007e1   Thumb Code    28  init.o(.text)
    __scatterload_rt2                        0x080007e1   Thumb Code     0  init.o(.text)
    __aeabi_llsr                             0x08000805   Thumb Code    32  llushr.o(.text)
    _ll_ushift_r                             0x08000805   Thumb Code     0  llushr.o(.text)
    Calculate_Accel_X_Angles                 0x08000825   Thumb Code   378  main.o(i.Calculate_Accel_X_Angles)
    Calculate_Accel_Y_Angles                 0x080009b9   Thumb Code   396  main.o(i.Calculate_Accel_Y_Angles)
    HAL_GPIO_Init                            0x08000b79   Thumb Code   472  stm32f4xx_hal_gpio.o(i.HAL_GPIO_Init)
    HAL_GPIO_ReadPin                         0x08000d81   Thumb Code    16  stm32f4xx_hal_gpio.o(i.HAL_GPIO_ReadPin)
    HAL_GPIO_TogglePin                       0x08000d91   Thumb Code     8  stm32f4xx_hal_gpio.o(i.HAL_GPIO_TogglePin)
    HAL_GPIO_WritePin                        0x08000d99   Thumb Code    12  stm32f4xx_hal_gpio.o(i.HAL_GPIO_WritePin)
    HAL_GetREVID                             0x08000da5   Thumb Code     8  stm32f4xx_hal.o(i.HAL_GetREVID)
    HAL_GetTick                              0x08000db1   Thumb Code     6  stm32f4xx_hal.o(i.HAL_GetTick)
    HAL_I2C_GetState                         0x08000dbd   Thumb Code     8  stm32f4xx_hal_i2c.o(i.HAL_I2C_GetState)
    HAL_I2C_Init                             0x08000dc5   Thumb Code   278  stm32f4xx_hal_i2c.o(i.HAL_I2C_Init)
    HAL_I2C_IsDeviceReady                    0x08000ee5   Thumb Code   392  stm32f4xx_hal_i2c.o(i.HAL_I2C_IsDeviceReady)
    HAL_I2C_Master_Receive                   0x08001071   Thumb Code   554  stm32f4xx_hal_i2c.o(i.HAL_I2C_Master_Receive)
    HAL_I2C_Master_Transmit                  0x080012a5   Thumb Code   274  stm32f4xx_hal_i2c.o(i.HAL_I2C_Master_Transmit)
    HAL_I2C_MspInit                          0x080013c1   Thumb Code     2  stm32f4xx_hal_i2c.o(i.HAL_I2C_MspInit)
    HAL_Init                                 0x080013c5   Thumb Code    54  stm32f4xx_hal.o(i.HAL_Init)
    HAL_InitTick                             0x08001401   Thumb Code    36  stm32f4xx_hal.o(i.HAL_InitTick)
    HAL_MspInit                              0x08001425   Thumb Code     2  stm32f4xx_hal.o(i.HAL_MspInit)
    HAL_NVIC_EnableIRQ                       0x08001427   Thumb Code    26  stm32f4xx_hal_cortex.o(i.HAL_NVIC_EnableIRQ)
    HAL_NVIC_SetPriority                     0x08001441   Thumb Code   124  stm32f4xx_hal_cortex.o(i.HAL_NVIC_SetPriority)
    HAL_NVIC_SetPriorityGrouping             0x080014bd   Thumb Code    32  stm32f4xx_hal_cortex.o(i.HAL_NVIC_SetPriorityGrouping)
    HAL_RCC_ClockConfig                      0x080014e5   Thumb Code   680  stm32f4xx_hal_rcc.o(i.HAL_RCC_ClockConfig)
    HAL_RCC_GetHCLKFreq                      0x08001795   Thumb Code    42  stm32f4xx_hal_rcc.o(i.HAL_RCC_GetHCLKFreq)
    HAL_RCC_GetPCLK1Freq                     0x080017cd   Thumb Code    36  stm32f4xx_hal_rcc.o(i.HAL_RCC_GetPCLK1Freq)
    HAL_RCC_GetSysClockFreq                  0x080017f9   Thumb Code   168  stm32f4xx_hal_rcc.o(i.HAL_RCC_GetSysClockFreq)
    HAL_RCC_OscConfig                        0x080018ad   Thumb Code  1028  stm32f4xx_hal_rcc.o(i.HAL_RCC_OscConfig)
    HAL_SYSTICK_Config                       0x08001cb1   Thumb Code    52  stm32f4xx_hal_cortex.o(i.HAL_SYSTICK_Config)
    HAL_TIMEx_MasterConfigSynchronization    0x08001ce5   Thumb Code    98  stm32f4xx_hal_tim_ex.o(i.HAL_TIMEx_MasterConfigSynchronization)
    HAL_TIMEx_PWMN_Start                     0x08001d47   Thumb Code    44  stm32f4xx_hal_tim_ex.o(i.HAL_TIMEx_PWMN_Start)
    HAL_TIM_Base_Init                        0x08001d73   Thumb Code    52  stm32f4xx_hal_tim.o(i.HAL_TIM_Base_Init)
    HAL_TIM_Base_MspInit                     0x08001da7   Thumb Code     2  stm32f4xx_hal_tim.o(i.HAL_TIM_Base_MspInit)
    HAL_TIM_Base_Start_IT                    0x08001da9   Thumb Code    30  stm32f4xx_hal_tim.o(i.HAL_TIM_Base_Start_IT)
    HAL_TIM_ConfigClockSource                0x08001dc7   Thumb Code   306  stm32f4xx_hal_tim.o(i.HAL_TIM_ConfigClockSource)
    HAL_TIM_IC_ConfigChannel                 0x08001ef9   Thumb Code   224  stm32f4xx_hal_tim.o(i.HAL_TIM_IC_ConfigChannel)
    HAL_TIM_IC_Init                          0x08001fd9   Thumb Code    52  stm32f4xx_hal_tim.o(i.HAL_TIM_IC_Init)
    HAL_TIM_IC_MspInit                       0x0800200d   Thumb Code     2  stm32f4xx_hal_tim.o(i.HAL_TIM_IC_MspInit)
    HAL_TIM_IC_Start_IT                      0x0800200f   Thumb Code   108  stm32f4xx_hal_tim.o(i.HAL_TIM_IC_Start_IT)
    HAL_TIM_PWM_ConfigChannel                0x0800207b   Thumb Code   264  stm32f4xx_hal_tim.o(i.HAL_TIM_PWM_ConfigChannel)
    HAL_TIM_PWM_Init                         0x08002183   Thumb Code    52  stm32f4xx_hal_tim.o(i.HAL_TIM_PWM_Init)
    HAL_TIM_PWM_MspInit                      0x080021b7   Thumb Code     2  stm32f4xx_hal_tim.o(i.HAL_TIM_PWM_MspInit)
    HAL_TIM_PWM_Start                        0x080021b9   Thumb Code    68  stm32f4xx_hal_tim.o(i.HAL_TIM_PWM_Start)
    Init_BUTTON_USER_PORT_A_0                0x08002511   Thumb Code    30  main.o(i.Init_BUTTON_USER_PORT_A_0)
    Init_I2C_GPIO_PortB                      0x08002535   Thumb Code    36  main.o(i.Init_I2C_GPIO_PortB)
    Init_I2C_Handle_10truc                   0x0800255d   Thumb Code    42  main.o(i.Init_I2C_Handle_10truc)
    Init_LEDSANG_PORTD_12_13_14_15           0x08002595   Thumb Code    34  main.o(i.Init_LEDSANG_PORTD_12_13_14_15)
    Init_PWM_GPIO_PORT_C_4Channel            0x080025bd   Thumb Code    36  main.o(i.Init_PWM_GPIO_PORT_C_4Channel)
    Init_PWM_TIM3_Handle                     0x080025e5   Thumb Code    38  main.o(i.Init_PWM_TIM3_Handle)
    Init_Receiver_TIM1_PWM_Capture_PortE     0x08002611   Thumb Code   188  main.o(i.Init_Receiver_TIM1_PWM_Capture_PortE)
    Init_TIM3_OUTPUT_COMPARE                 0x080026d5   Thumb Code    56  main.o(i.Init_TIM3_OUTPUT_COMPARE)
    KiemTraCodeOK                            0x0800270d   Thumb Code    42  main.o(i.KiemTraCodeOK)
    SANG_1_LED                               0x08002771   Thumb Code   116  main.o(i.SANG_1_LED)
    SANG_2_LED                               0x080027e9   Thumb Code   104  main.o(i.SANG_2_LED)
    SANG_4_LED                               0x08002855   Thumb Code    44  main.o(i.SANG_4_LED)
    SANG_4_LED_OFF                           0x08002885   Thumb Code    52  main.o(i.SANG_4_LED_OFF)
    Sang_Led_By_MPU6050_Values               0x080028bd   Thumb Code   132  main.o(i.Sang_Led_By_MPU6050_Values)
    SysTick_Handler                          0x08002941   Thumb Code    12  main.o(i.SysTick_Handler)
    SystemInit                               0x08002a09   Thumb Code    82  system_stm32f4xx.o(i.SystemInit)
    TIM3_IRQHandler                          0x08002a6d   Thumb Code     2  main.o(i.TIM3_IRQHandler)
    TIM_Base_SetConfig                       0x08002a71   Thumb Code   184  stm32f4xx_hal_tim.o(i.TIM_Base_SetConfig)
    TIM_CCxChannelCmd                        0x08002b55   Thumb Code    28  stm32f4xx_hal_tim.o(i.TIM_CCxChannelCmd)
    TIM_OC2_SetConfig                        0x08002c29   Thumb Code   112  stm32f4xx_hal_tim.o(i.TIM_OC2_SetConfig)
    TIM_TI1_SetConfig                        0x08002da5   Thumb Code   122  stm32f4xx_hal_tim.o(i.TIM_TI1_SetConfig)
    TM_I2C_IS_DEVICE_CONNECTED               0x08002f23   Thumb Code    40  main.o(i.TM_I2C_IS_DEVICE_CONNECTED)
    TM_I2C_READ                              0x08002f4b   Thumb Code    74  main.o(i.TM_I2C_READ)
    TM_I2C_READ_MULTI                        0x08002f95   Thumb Code    76  main.o(i.TM_I2C_READ_MULTI)
    TM_I2C_WHO_I_AM                          0x08002fe1   Thumb Code    76  main.o(i.TM_I2C_WHO_I_AM)
    TM_I2C_WRITE                             0x0800302d   Thumb Code    54  main.o(i.TM_I2C_WRITE)
    TM_MPU6050_ReadAll                       0x08003065   Thumb Code   180  main.o(i.TM_MPU6050_ReadAll)
    TM_MPU6050_SetAccelerometer              0x08003121   Thumb Code    78  main.o(i.TM_MPU6050_SetAccelerometer)
    TM_MPU6050_SetDataRate                   0x0800316f   Thumb Code    40  main.o(i.TM_MPU6050_SetDataRate)
    TM_MPU6050_SetGyroscope                  0x08003197   Thumb Code    78  main.o(i.TM_MPU6050_SetGyroscope)
    __ARM_fpclassify                         0x080031e5   Thumb Code    48  fpclassify.o(i.__ARM_fpclassify)
    __hardfp_atan                            0x08003219   Thumb Code   622  atan.o(i.__hardfp_atan)
    __hardfp_pow                             0x080034f1   Thumb Code  3072  pow.o(i.__hardfp_pow)
    __hardfp_sqrt                            0x08004141   Thumb Code   122  sqrt.o(i.__hardfp_sqrt)
    __kernel_poly                            0x080041bb   Thumb Code   248  poly.o(i.__kernel_poly)
    __mathlib_dbl_divzero                    0x080042b9   Thumb Code    28  dunder.o(i.__mathlib_dbl_divzero)
    __mathlib_dbl_infnan                     0x080042e9   Thumb Code    20  dunder.o(i.__mathlib_dbl_infnan)
    __mathlib_dbl_infnan2                    0x080042fd   Thumb Code    20  dunder.o(i.__mathlib_dbl_infnan2)
    __mathlib_dbl_invalid                    0x08004311   Thumb Code    24  dunder.o(i.__mathlib_dbl_invalid)
    __mathlib_dbl_overflow                   0x08004331   Thumb Code    24  dunder.o(i.__mathlib_dbl_overflow)
    __mathlib_dbl_underflow                  0x08004351   Thumb Code    24  dunder.o(i.__mathlib_dbl_underflow)
    __scatterload_copy                       0x08004371   Thumb Code    14  handlers.o(i.__scatterload_copy)
    __scatterload_null                       0x0800437f   Thumb Code     2  handlers.o(i.__scatterload_null)
    __scatterload_zeroinit                   0x08004381   Thumb Code    14  handlers.o(i.__scatterload_zeroinit)
    __set_errno                              0x08004391   Thumb Code     6  errno.o(i.__set_errno)
    delay_ms                                 0x0800439d   Thumb Code    18  main.o(i.delay_ms)
    fabs                                     0x080043b5   Thumb Code    24  fabs.o(i.fabs)
    main                                     0x080043cd   Thumb Code   774  main.o(i.main)
    sqrt                                     0x0800470d   Thumb Code   110  sqrt.o(i.sqrt)
    APBAHBPrescTable                         0x0800477a   Data          16  stm32f4xx_hal_rcc.o(.constdata)
    __mathlib_zero                           0x080048b0   Data           8  qnan.o(.constdata)
    Region$$Table$$Base                      0x080048b8   Number         0  anon$$obj.o(Region$$Table)
    Region$$Table$$Limit                     0x080048d8   Number         0  anon$$obj.o(Region$$Table)
    counter_timer1                           0x20000000   Data           4  main.o(.data)
    input_capture_timer1_ch1                 0x20000004   Data           4  main.o(.data)
    pwm_speed                                0x20000008   Data           2  main.o(.data)
    pwm_left                                 0x2000000a   Data           2  main.o(.data)
    pwm_right                                0x2000000c   Data           2  main.o(.data)
    pwm_front                                0x2000000e   Data           2  main.o(.data)
    pwm_back                                 0x20000010   Data           2  main.o(.data)
    who_i_am_reg_value_MPU6050               0x20000012   Data           1  main.o(.data)
    rotation_x                               0x20000014   Data           4  main.o(.data)
    rotation_y                               0x20000018   Data           4  main.o(.data)
    g_iSysTicks                              0x2000001c   Data           4  main.o(.data)
    SystemCoreClock                          0x20000024   Data           4  system_stm32f4xx.o(.data)
    I2C_InitStruct_10truc                    0x2000002c   Data          60  main.o(.bss)
    handle_timer_3                           0x20000068   Data          60  main.o(.bss)
    TIM_Output_compare                       0x200000a4   Data          28  main.o(.bss)
    htimer1                                  0x200000c0   Data          60  main.o(.bss)
    __initial_sp                             0x20000500   Data           0  startup_stm32f407xx.o(STACK)



==============================================================================

Memory Map of the image

  Image Entry point : 0x08000189

  Load Region LR_IROM1 (Base: 0x08000000, Size: 0x00004904, Max: 0x00100000, ABSOLUTE)

    Execution Region ER_IROM1 (Base: 0x08000000, Size: 0x000048d8, Max: 0x00100000, ABSOLUTE)

    Base Addr    Size         Type   Attr      Idx    E Section Name        Object

    0x08000000   0x00000188   Data   RO         3108    RESET               startup_stm32f407xx.o
    0x08000188   0x00000000   Code   RO         3190  * .ARM.Collect$$$$00000000  mc_w.l(entry.o)
    0x08000188   0x00000004   Code   RO         3232    .ARM.Collect$$$$00000001  mc_w.l(entry2.o)
    0x0800018c   0x00000004   Code   RO         3235    .ARM.Collect$$$$00000004  mc_w.l(entry5.o)
    0x08000190   0x00000000   Code   RO         3237    .ARM.Collect$$$$00000008  mc_w.l(entry7b.o)
    0x08000190   0x00000000   Code   RO         3239    .ARM.Collect$$$$0000000A  mc_w.l(entry8b.o)
    0x08000190   0x00000008   Code   RO         3240    .ARM.Collect$$$$0000000B  mc_w.l(entry9a.o)
    0x08000198   0x00000000   Code   RO         3242    .ARM.Collect$$$$0000000D  mc_w.l(entry10a.o)
    0x08000198   0x00000000   Code   RO         3244    .ARM.Collect$$$$0000000F  mc_w.l(entry11a.o)
    0x08000198   0x00000004   Code   RO         3233    .ARM.Collect$$$$00002712  mc_w.l(entry2.o)
    0x0800019c   0x00000024   Code   RO         3109    .text               startup_stm32f407xx.o
    0x080001c0   0x00000024   Code   RO         3193    .text               mc_w.l(memcpya.o)
    0x080001e4   0x0000014e   Code   RO         3197    .text               mf_w.l(dadd.o)
    0x08000332   0x000000e4   Code   RO         3199    .text               mf_w.l(dmul.o)
    0x08000416   0x000000de   Code   RO         3201    .text               mf_w.l(ddiv.o)
    0x080004f4   0x00000026   Code   RO         3203    .text               mf_w.l(f2d.o)
    0x0800051a   0x00000038   Code   RO         3205    .text               mf_w.l(d2f.o)
    0x08000552   0x0000001e   Code   RO         3246    .text               mc_w.l(llshl.o)
    0x08000570   0x00000024   Code   RO         3248    .text               mc_w.l(llsshr.o)
    0x08000594   0x00000000   Code   RO         3257    .text               mc_w.l(iusefp.o)
    0x08000594   0x0000006e   Code   RO         3258    .text               mf_w.l(fepilogue.o)
    0x08000602   0x000000ba   Code   RO         3260    .text               mf_w.l(depilogue.o)
    0x080006bc   0x0000002e   Code   RO         3264    .text               mf_w.l(dscalb.o)
    0x080006ea   0x000000a2   Code   RO         3266    .text               mf_w.l(dsqrt.o)
    0x0800078c   0x00000022   Code   RO         3268    .text               mf_w.l(dflti.o)
    0x080007ae   0x00000002   PAD
    0x080007b0   0x00000030   Code   RO         3272    .text               mf_w.l(cdrcmple.o)
    0x080007e0   0x00000024   Code   RO         3274    .text               mc_w.l(init.o)
    0x08000804   0x00000020   Code   RO         3276    .text               mc_w.l(llushr.o)
    0x08000824   0x00000194   Code   RO            5    i.Calculate_Accel_X_Angles  main.o
    0x080009b8   0x000001a4   Code   RO            6    i.Calculate_Accel_Y_Angles  main.o
    0x08000b5c   0x0000001c   Code   RO            8    i.Error_Handler     main.o
    0x08000b78   0x00000208   Code   RO          800    i.HAL_GPIO_Init     stm32f4xx_hal_gpio.o
    0x08000d80   0x00000010   Code   RO          802    i.HAL_GPIO_ReadPin  stm32f4xx_hal_gpio.o
    0x08000d90   0x00000008   Code   RO          803    i.HAL_GPIO_TogglePin  stm32f4xx_hal_gpio.o
    0x08000d98   0x0000000c   Code   RO          804    i.HAL_GPIO_WritePin  stm32f4xx_hal_gpio.o
    0x08000da4   0x0000000c   Code   RO          411    i.HAL_GetREVID      stm32f4xx_hal.o
    0x08000db0   0x0000000c   Code   RO          412    i.HAL_GetTick       stm32f4xx_hal.o
    0x08000dbc   0x00000008   Code   RO          868    i.HAL_I2C_GetState  stm32f4xx_hal_i2c.o
    0x08000dc4   0x00000120   Code   RO          869    i.HAL_I2C_Init      stm32f4xx_hal_i2c.o
    0x08000ee4   0x0000018c   Code   RO          870    i.HAL_I2C_IsDeviceReady  stm32f4xx_hal_i2c.o
    0x08001070   0x00000234   Code   RO          873    i.HAL_I2C_Master_Receive  stm32f4xx_hal_i2c.o
    0x080012a4   0x0000011c   Code   RO          876    i.HAL_I2C_Master_Transmit  stm32f4xx_hal_i2c.o
    0x080013c0   0x00000002   Code   RO          888    i.HAL_I2C_MspInit   stm32f4xx_hal_i2c.o
    0x080013c2   0x00000002   PAD
    0x080013c4   0x0000003c   Code   RO          414    i.HAL_Init          stm32f4xx_hal.o
    0x08001400   0x00000024   Code   RO          415    i.HAL_InitTick      stm32f4xx_hal.o
    0x08001424   0x00000002   Code   RO          417    i.HAL_MspInit       stm32f4xx_hal.o
    0x08001426   0x0000001a   Code   RO          548    i.HAL_NVIC_EnableIRQ  stm32f4xx_hal_cortex.o
    0x08001440   0x0000007c   Code   RO          554    i.HAL_NVIC_SetPriority  stm32f4xx_hal_cortex.o
    0x080014bc   0x00000028   Code   RO          555    i.HAL_NVIC_SetPriorityGrouping  stm32f4xx_hal_cortex.o
    0x080014e4   0x000002b0   Code   RO         1380    i.HAL_RCC_ClockConfig  stm32f4xx_hal_rcc.o
    0x08001794   0x00000038   Code   RO         1385    i.HAL_RCC_GetHCLKFreq  stm32f4xx_hal_rcc.o
    0x080017cc   0x0000002c   Code   RO         1387    i.HAL_RCC_GetPCLK1Freq  stm32f4xx_hal_rcc.o
    0x080017f8   0x000000b4   Code   RO         1389    i.HAL_RCC_GetSysClockFreq  stm32f4xx_hal_rcc.o
    0x080018ac   0x00000404   Code   RO         1392    i.HAL_RCC_OscConfig  stm32f4xx_hal_rcc.o
    0x08001cb0   0x00000034   Code   RO          559    i.HAL_SYSTICK_Config  stm32f4xx_hal_cortex.o
    0x08001ce4   0x00000062   Code   RO         2422    i.HAL_TIMEx_MasterConfigSynchronization  stm32f4xx_hal_tim_ex.o
    0x08001d46   0x0000002c   Code   RO         2433    i.HAL_TIMEx_PWMN_Start  stm32f4xx_hal_tim_ex.o
    0x08001d72   0x00000034   Code   RO         1766    i.HAL_TIM_Base_Init  stm32f4xx_hal_tim.o
    0x08001da6   0x00000002   Code   RO         1768    i.HAL_TIM_Base_MspInit  stm32f4xx_hal_tim.o
    0x08001da8   0x0000001e   Code   RO         1771    i.HAL_TIM_Base_Start_IT  stm32f4xx_hal_tim.o
    0x08001dc6   0x00000132   Code   RO         1775    i.HAL_TIM_ConfigClockSource  stm32f4xx_hal_tim.o
    0x08001ef8   0x000000e0   Code   RO         1796    i.HAL_TIM_IC_ConfigChannel  stm32f4xx_hal_tim.o
    0x08001fd8   0x00000034   Code   RO         1799    i.HAL_TIM_IC_Init   stm32f4xx_hal_tim.o
    0x0800200c   0x00000002   Code   RO         1801    i.HAL_TIM_IC_MspInit  stm32f4xx_hal_tim.o
    0x0800200e   0x0000006c   Code   RO         1804    i.HAL_TIM_IC_Start_IT  stm32f4xx_hal_tim.o
    0x0800207a   0x00000108   Code   RO         1832    i.HAL_TIM_PWM_ConfigChannel  stm32f4xx_hal_tim.o
    0x08002182   0x00000034   Code   RO         1835    i.HAL_TIM_PWM_Init  stm32f4xx_hal_tim.o
    0x080021b6   0x00000002   Code   RO         1837    i.HAL_TIM_PWM_MspInit  stm32f4xx_hal_tim.o
    0x080021b8   0x0000004c   Code   RO         1839    i.HAL_TIM_PWM_Start  stm32f4xx_hal_tim.o
    0x08002204   0x000000f8   Code   RO          906    i.I2C_MasterRequestRead  stm32f4xx_hal_i2c.o
    0x080022fc   0x0000008c   Code   RO          907    i.I2C_MasterRequestWrite  stm32f4xx_hal_i2c.o
    0x08002388   0x000000de   Code   RO          919    i.I2C_WaitOnFlagUntilTimeout  stm32f4xx_hal_i2c.o
    0x08002466   0x000000aa   Code   RO          920    i.I2C_WaitOnMasterAddressFlagUntilTimeout  stm32f4xx_hal_i2c.o
    0x08002510   0x00000024   Code   RO           14    i.Init_BUTTON_USER_PORT_A_0  main.o
    0x08002534   0x00000028   Code   RO           15    i.Init_I2C_GPIO_PortB  main.o
    0x0800255c   0x00000038   Code   RO           16    i.Init_I2C_Handle_10truc  main.o
    0x08002594   0x00000028   Code   RO           17    i.Init_LEDSANG_PORTD_12_13_14_15  main.o
    0x080025bc   0x00000028   Code   RO           18    i.Init_PWM_GPIO_PORT_C_4Channel  main.o
    0x080025e4   0x0000002c   Code   RO           19    i.Init_PWM_TIM3_Handle  main.o
    0x08002610   0x000000c4   Code   RO           20    i.Init_Receiver_TIM1_PWM_Capture_PortE  main.o
    0x080026d4   0x00000038   Code   RO           21    i.Init_TIM3_OUTPUT_COMPARE  main.o
    0x0800270c   0x0000002a   Code   RO           22    i.KiemTraCodeOK     main.o
    0x08002736   0x00000002   PAD
    0x08002738   0x00000010   Code   RO          561    i.NVIC_GetPriorityGrouping  stm32f4xx_hal_cortex.o
    0x08002748   0x00000028   Code   RO          562    i.NVIC_SetPriority  stm32f4xx_hal_cortex.o
    0x08002770   0x00000078   Code   RO           23    i.SANG_1_LED        main.o
    0x080027e8   0x0000006c   Code   RO           24    i.SANG_2_LED        main.o
    0x08002854   0x00000030   Code   RO           25    i.SANG_4_LED        main.o
    0x08002884   0x00000038   Code   RO           26    i.SANG_4_LED_OFF    main.o
    0x080028bc   0x00000084   Code   RO           27    i.Sang_Led_By_MPU6050_Values  main.o
    0x08002940   0x00000010   Code   RO           28    i.SysTick_Handler   main.o
    0x08002950   0x000000b8   Code   RO           29    i.SystemClock_Config  main.o
    0x08002a08   0x00000064   Code   RO         3117    i.SystemInit        system_stm32f4xx.o
    0x08002a6c   0x00000002   Code   RO           31    i.TIM3_IRQHandler   main.o
    0x08002a6e   0x00000002   PAD
    0x08002a70   0x000000e4   Code   RO         1850    i.TIM_Base_SetConfig  stm32f4xx_hal_tim.o
    0x08002b54   0x0000001c   Code   RO         1851    i.TIM_CCxChannelCmd  stm32f4xx_hal_tim.o
    0x08002b70   0x0000001c   Code   RO         2441    i.TIM_CCxNChannelCmd  stm32f4xx_hal_tim_ex.o
    0x08002b8c   0x00000018   Code   RO         1857    i.TIM_ETR_SetConfig  stm32f4xx_hal_tim.o
    0x08002ba4   0x00000014   Code   RO         1858    i.TIM_ITRx_SetConfig  stm32f4xx_hal_tim.o
    0x08002bb8   0x00000070   Code   RO         1859    i.TIM_OC1_SetConfig  stm32f4xx_hal_tim.o
    0x08002c28   0x00000078   Code   RO         1860    i.TIM_OC2_SetConfig  stm32f4xx_hal_tim.o
    0x08002ca0   0x00000078   Code   RO         1861    i.TIM_OC3_SetConfig  stm32f4xx_hal_tim.o
    0x08002d18   0x00000060   Code   RO         1862    i.TIM_OC4_SetConfig  stm32f4xx_hal_tim.o
    0x08002d78   0x0000002a   Code   RO         1864    i.TIM_TI1_ConfigInputStage  stm32f4xx_hal_tim.o
    0x08002da2   0x00000002   PAD
    0x08002da4   0x00000098   Code   RO         1865    i.TIM_TI1_SetConfig  stm32f4xx_hal_tim.o
    0x08002e3c   0x0000002c   Code   RO         1866    i.TIM_TI2_ConfigInputStage  stm32f4xx_hal_tim.o
    0x08002e68   0x0000003e   Code   RO         1867    i.TIM_TI2_SetConfig  stm32f4xx_hal_tim.o
    0x08002ea6   0x0000003c   Code   RO         1868    i.TIM_TI3_SetConfig  stm32f4xx_hal_tim.o
    0x08002ee2   0x00000040   Code   RO         1869    i.TIM_TI4_SetConfig  stm32f4xx_hal_tim.o
    0x08002f22   0x00000028   Code   RO           32    i.TM_I2C_IS_DEVICE_CONNECTED  main.o
    0x08002f4a   0x0000004a   Code   RO           33    i.TM_I2C_READ       main.o
    0x08002f94   0x0000004c   Code   RO           34    i.TM_I2C_READ_MULTI  main.o
    0x08002fe0   0x0000004c   Code   RO           35    i.TM_I2C_WHO_I_AM   main.o
    0x0800302c   0x00000036   Code   RO           36    i.TM_I2C_WRITE      main.o
    0x08003062   0x00000002   PAD
    0x08003064   0x000000bc   Code   RO           38    i.TM_MPU6050_ReadAll  main.o
    0x08003120   0x0000004e   Code   RO           40    i.TM_MPU6050_SetAccelerometer  main.o
    0x0800316e   0x00000028   Code   RO           41    i.TM_MPU6050_SetDataRate  main.o
    0x08003196   0x0000004e   Code   RO           42    i.TM_MPU6050_SetGyroscope  main.o
    0x080031e4   0x00000030   Code   RO         3227    i.__ARM_fpclassify  m_wm.l(fpclassify.o)
    0x08003214   0x00000004   PAD
    0x08003218   0x000002d8   Code   RO         3150    i.__hardfp_atan     m_wm.l(atan.o)
    0x080034f0   0x00000c50   Code   RO         3164    i.__hardfp_pow      m_wm.l(pow.o)
    0x08004140   0x0000007a   Code   RO         3178    i.__hardfp_sqrt     m_wm.l(sqrt.o)
    0x080041ba   0x000000f8   Code   RO         3229    i.__kernel_poly     m_wm.l(poly.o)
    0x080042b2   0x00000006   PAD
    0x080042b8   0x00000030   Code   RO         3207    i.__mathlib_dbl_divzero  m_wm.l(dunder.o)
    0x080042e8   0x00000014   Code   RO         3208    i.__mathlib_dbl_infnan  m_wm.l(dunder.o)
    0x080042fc   0x00000014   Code   RO         3209    i.__mathlib_dbl_infnan2  m_wm.l(dunder.o)
    0x08004310   0x00000020   Code   RO         3210    i.__mathlib_dbl_invalid  m_wm.l(dunder.o)
    0x08004330   0x00000020   Code   RO         3211    i.__mathlib_dbl_overflow  m_wm.l(dunder.o)
    0x08004350   0x00000020   Code   RO         3213    i.__mathlib_dbl_underflow  m_wm.l(dunder.o)
    0x08004370   0x0000000e   Code   RO         3280    i.__scatterload_copy  mc_w.l(handlers.o)
    0x0800437e   0x00000002   Code   RO         3281    i.__scatterload_null  mc_w.l(handlers.o)
    0x08004380   0x0000000e   Code   RO         3282    i.__scatterload_zeroinit  mc_w.l(handlers.o)
    0x0800438e   0x00000002   PAD
    0x08004390   0x0000000c   Code   RO         3252    i.__set_errno       mc_w.l(errno.o)
    0x0800439c   0x00000018   Code   RO           44    i.delay_ms          main.o
    0x080043b4   0x00000018   Code   RO         3223    i.fabs              m_wm.l(fabs.o)
    0x080043cc   0x00000340   Code   RO           45    i.main              main.o
    0x0800470c   0x0000006e   Code   RO         3180    i.sqrt              m_wm.l(sqrt.o)
    0x0800477a   0x00000010   Data   RO         1393    .constdata          stm32f4xx_hal_rcc.o
    0x0800478a   0x00000006   PAD
    0x08004790   0x00000098   Data   RO         3153    .constdata          m_wm.l(atan.o)
    0x08004828   0x00000088   Data   RO         3167    .constdata          m_wm.l(pow.o)
    0x080048b0   0x00000008   Data   RO         3231    .constdata          m_wm.l(qnan.o)
    0x080048b8   0x00000020   Data   RO         3278    Region$$Table       anon$$obj.o


    Execution Region RW_IRAM1 (Base: 0x20000000, Size: 0x00000500, Max: 0x00020000, ABSOLUTE)

    Base Addr    Size         Type   Attr      Idx    E Section Name        Object

    0x20000000   0x00000020   Data   RW           48    .data               main.o
    0x20000020   0x00000004   Data   RW          420    .data               stm32f4xx_hal.o
    0x20000024   0x00000004   Data   RW         3119    .data               system_stm32f4xx.o
    0x20000028   0x00000004   Data   RW         3253    .data               mc_w.l(errno.o)
    0x2000002c   0x000000d0   Zero   RW           47    .bss                main.o
    0x200000fc   0x00000004   PAD
    0x20000100   0x00000400   Zero   RW         3106    STACK               startup_stm32f407xx.o


==============================================================================

Image component sizes


      Code (inc. data)   RO Data    RW Data    ZI Data      Debug   Object Name

      3628        204          0         32        208     375067   main.o
        36          8        392          0       1024        832   startup_stm32f407xx.o
       122         16          0          4          0       4317   stm32f4xx_hal.o
       298         22          0          0          0      31135   stm32f4xx_hal_cortex.o
       556         48          0          0          0       3868   stm32f4xx_hal_gpio.o
      2322         44          0          0          0       9947   stm32f4xx_hal_i2c.o
      1996         58         16          0          0       5596   stm32f4xx_hal_rcc.o
      2342        118          0          0          0      20173   stm32f4xx_hal_tim.o
       170          0          0          0          0       2691   stm32f4xx_hal_tim_ex.o
       100         18          0          4          0       1193   system_stm32f4xx.o

    ----------------------------------------------------------------------
     11580        536        446         40       1236     454819   Object Totals
         0          0         32          0          0          0   (incl. Generated)
        10          0          6          0          4          0   (incl. Padding)

    ----------------------------------------------------------------------

      Code (inc. data)   RO Data    RW Data    ZI Data      Debug   Library Member Name

       728        106        152          0          0        228   atan.o
       184         44          0          0          0        744   dunder.o
        24          0          0          0          0        124   fabs.o
        48          0          0          0          0        124   fpclassify.o
       248          0          0          0          0        152   poly.o
      3152        296        136          0          0        352   pow.o
         0          0          8          0          0          0   qnan.o
       232          0          0          0          0        296   sqrt.o
         0          0          0          0          0          0   entry.o
         0          0          0          0          0          0   entry10a.o
         0          0          0          0          0          0   entry11a.o
         8          4          0          0          0          0   entry2.o
         4          0          0          0          0          0   entry5.o
         0          0          0          0          0          0   entry7b.o
         0          0          0          0          0          0   entry8b.o
         8          4          0          0          0          0   entry9a.o
        12          6          0          4          0         68   errno.o
        30          0          0          0          0          0   handlers.o
        36          8          0          0          0         68   init.o
         0          0          0          0          0          0   iusefp.o
        30          0          0          0          0         68   llshl.o
        36          0          0          0          0         68   llsshr.o
        32          0          0          0          0         68   llushr.o
        36          0          0          0          0         68   memcpya.o
        48          0          0          0          0         68   cdrcmple.o
        56          0          0          0          0         88   d2f.o
       334          0          0          0          0        148   dadd.o
       222          0          0          0          0        100   ddiv.o
       186          0          0          0          0        176   depilogue.o
        34          0          0          0          0         76   dflti.o
       228          0          0          0          0         96   dmul.o
        46          0          0          0          0         80   dscalb.o
       162          0          0          0          0        100   dsqrt.o
        38          0          0          0          0         68   f2d.o
       110          0          0          0          0        168   fepilogue.o

    ----------------------------------------------------------------------
      6326        468        296          4          0       3596   Library Totals
        14          0          0          0          0          0   (incl. Padding)

    ----------------------------------------------------------------------

      Code (inc. data)   RO Data    RW Data    ZI Data      Debug   Library Name

      4616        446        296          0          0       2020   m_wm.l
       232         22          0          4          0        408   mc_w.l
      1464          0          0          0          0       1168   mf_w.l

    ----------------------------------------------------------------------
      6326        468        296          4          0       3596   Library Totals

    ----------------------------------------------------------------------

==============================================================================


      Code (inc. data)   RO Data    RW Data    ZI Data      Debug   

     17906       1004        742         44       1236     448091   Grand Totals
     17906       1004        742         44       1236     448091   ELF Image Totals
     17906       1004        742         44          0          0   ROM Totals

==============================================================================

    Total RO  Size (Code + RO Data)                18648 (  18.21kB)
    Total RW  Size (RW Data + ZI Data)              1280 (   1.25kB)
    Total ROM Size (Code + RO Data + RW Data)      18692 (  18.25kB)

==============================================================================

